<h3 class="article__title">
1.
gr.
</h3>

<p>
Þegar
hreppurinn
hefur
látið
leggja
holræsi
í
veg,
götu
eða
annað
opið
svæði,
er
þeim
húseigendum,
er
þar
eiga
hús
að
eða
í
námunda
við
og
í
holræsið
geta
náð,
skylt
að
leggja
á
sinn
kostnað
ræsi
frá
húsinu,
er
flytji
allt
skolp
frá
því
út
í
aðalræsið
ásamt
rigningarvatni,
ef
hægt
er
að
koma
því
við.
Vanræki
einhver
að
láta
gera
holræsi
innan
hæfilegs
frosts,
sem
hreppsnefnd
setur,
getur
hún
látið
vinna
verkið
á
kostnað
húseiganda.
</p>

<h3 class="article__title">
2.
gr.
</h3>

<p>
Öll
framkvæmdastörf,
sem
aðalholræsi
hreppsins
varða,
svo
sem
viðhald,
endurbætur
og
umsjón
alla
annast
hreppsnefnd
eða
maður,
sem
hún
felur
það.
Þóknun
fyrir
þau
störf
og
einnig
fyrir
reikningshald
eða
annað
vegna
holræsagerðarinnar
ákveður
hreppsnefnd.
</p>

<p>
Engum
er
heimilt
að
leggja
ræsi
í
aðalræsi,
nema
að
fengnu
leyfi
ofangreindra
aðila,
og
er
mönnum
skylt
að
hlíta
fyrirmælum
þeirra
um
gerð
og
legu
ræsis
og
annað
það,
er
máli
skiptir
í
sambandi
við
það.
</p>

<h3 class="article__title">
3.
gr.
</h3>

<p>
Kostnaður
allur
við
holræsakerfið
greiðist
úr
hreppssjóði.
Til
þess
að
standast
þann
kostnað,
ber
hverjum
húseiganda,
sem
á
hús
að
eða
í
námunda
við
götu,
veg
eða
opið
svæði,
sem
holræsi
er
lagt
í,
að
greiða
tengigjald
um
leið
og
harm
tengir
ræsi
við
aðalræsi,
er
nemur
2%
af
fasteignamati
hússins
en
þó
ekki
lægra
en
kr.
750.00
miðað
við
hús
með
einni
íbúð.
Hækkar
gjald
þetta
um
kr.
375.00
fyrir
hverja
íbúð
í
húsi
umfram
eina.
</p>

<p>
Nú
eru
hús
sambyggð,
en
aðskilin
með
brunagöflum,
og
telst
þá
sérstakt
hús
sá
hluti,
sem
er
milli
brunagafla.
Ef
fleiri
íbúðir
en
ein
eru
í
húsi
og
íbúðir
séreign,
skal
heildarupphæð
tengigjaldsins
skiptast
milli
eigenda
íbúðanna
hlutfallslega
eftir
tölu
íbúðanna,
er
þeir
eiga.
</p>

<p>
Auk
tengigjalds
greiði
hver
húseigandi
árlega
í
holræsagjald
til
hreppsins
15
af
þúsundi
af
fasteignamati
húsanna,
en
þó
ekki
lægra
en
kr.
300.00
miðað
við
hús
með
einni
íbúð,
og
hækkar
gjaldið
um
kr.
150.00
fyrir
hverja
íbúð
umfram
eina.
</p>

<h3 class="article__title">
4.
gr.
</h3>

<p>
Hið
árlega
holræsagjald,
sem
og
tengigjaldið,
getur
hreppsnefnd
hækkað
eða
lækkað
um
allt
að
50%
án
staðfestingar
ráðuneytisins.
</p>

<h3 class="article__title">
5.
gr.
</h3>

<p>
Húseigandi
ber
ábyrgð
á
greiðslu
tengigjalds
og
holræsagjalds
gagnvart
hreppsnefnd.
Kröfur,
sem
hreppsnefnd
kann
að
öðlast
samkv.
1.
og
3.
gr.,
má
taka
lögtaki
á
kostnað
gjaldanda,
og
eru
gjöld
þessi
tryggð
með
lögveði
í
húseigninni
í
næstu
2
ár
eftir
gjalddaga
með
forgangsrétti
fyrir
hvers
konar
samningsveði
og
aðfararveði.
</p>

<p>
Gjalddagi
holræsagjalds
er
1.
jan.
ár
hvert.
</p>

<h3 class="article__title">
6.
gr.
</h3>

<p>
Brot
gegn
reglugerð
þessari
varða
sektum
allt
að
kr.
1000.00,
nema
þyngri
refsing
liggi
við
að
lögum.
</p>

<p>
Með
mál
út
af
brotum
gegn
reglugerð
þessari
skal
farið
að
hætti
opinberra
mála.
</p>

<p>
Reglugerð
þessi,
sem
hreppsnefnd
Mosfellshrepps
hefur
samið
og
samþykkt
og
gerð
er
samkvæmt
lögum
nr.
15
20.
júní
1923,
staðfestist
hér
með
til
að
öðlast
þegar
gildi,
og
birtist
til
eftirbreytni
öllum
þeim,
sem
hlut
eiga
að
máli.
</p>

<p class="Dags" align="center">
<em>Félagsmálaráðuneytið,
10.</em>
ágúst
<em>1960.</em>
</p>

<p class="FHUndirskr" align="center">
<strong>F.
h.
r.</strong>
</p>

<p align="center">
<strong>Hallgrímur
Dalberg.</strong>
</p>

<p align="right">
<em>Helgi
Helgason.</em>
</p>
