<p>
Brot
úr
hinni
kreisílöngu
https://www.reglugerd.is/reglugerdir/allar/nr/0815-1998
</p>

<p>
––––––––
</p>

<h3 class="article__title">
12.
gr.
<em class="article__name">Aðrar
undanþágur.</em>
</h3>

<p>
<span data-legacy-indenter="">
      
</span>
Eftirfarandi
ný
efni
þarf
ekki
að
tilkynna
samkvæmt
þessari
reglugerð:
</p>

<p style="margin-left: 19.85pt; text-indent: -19.85pt">
1.
<span data-legacy-indenter="">
   
</span>
Efni
sem
er
markaðssett
innan
EES
í
minna
magni
en
10
kg
á
ári
á
framleiðanda.
Markaðssetning
má
þó
ekki
eiga
sér
stað
nema
framleiðandi
eða
innflytjandi
hafi
sent
Hollustuvernd
ríkisins
upplýsingar
um
eftirtalin
atriði:
</p>

<p>
<span data-legacy-indenter="">
      
</span>
a)
<span data-legacy-indenter="">
 
</span>
Auðkenni
efnis.
</p>

<p>
<span data-legacy-indenter="">
      
</span>
b)
<span data-legacy-indenter="">
 
</span>
Upplýsingar
varðandi
flokkun
og
merkingu.
</p>

<p>
<span data-legacy-indenter="">
      
</span>
c)
<span data-legacy-indenter="">
 
</span>
Áætlað
magn
efnis
sem
er
markaðssett
á
Íslandi
og
innan
EES.
</p>

<p style="margin-left: 19.85pt; text-indent: -19.85pt">
2.
<span data-legacy-indenter="">
   
</span>
Fjölliður
sem
innihalda
í
bundnu
formi
minna
en
2%
af
efni
sem
ekki
er
skráð
í
EINECS.
</p>

<p>
––––––––
</p>

<p>
<span data-legacy-indenter="">
      
</span>
Þegar
nýtt
efni
sem
framleitt
er
hér
á
landi
er
flutt
út
til
lands
utan
EES,
sem
er
á
listanum
í
VIII.
viðauka,
skal
framleiðandi
upplýsa
Hollustuvernd
ríkisins
um
væntanlegan
útflutning
áður
en
hann
á
sér
stað.
Upplýsingarnar
skulu
innihalda
nafn
efnis
samkvæmt
CAS<sup class="footnote-reference"><a id="_ftnref1" href="#_ftn1">1</a>)</sup>-
og
IUPAC<sup class="footnote-reference"><a id="_ftnref2" href="#_ftn2">2</a>)</sup>-nafnareglunum,
byggingarformúlu,
CAS-númer<sup class="footnote-reference"><a id="_ftnref3" href="#_ftn3">3</a>)</sup>
og
verslunarheiti.
</p>
<hr />
<p class="footnote" id="ftn1">
<sup class="footnote__marker"><a id="_ftn1" href="#_ftnref1">1)</a></sup>
CAS:
Chemical
Abstract
Service
-
nafn
sem
gefið
er
upp
í
CAS
Chemical
Registry
System.
</p>
