<h2 class="chapter__title">
I.
KAFLI
<em class="chapter__name">Gildissvið,
markmið,
skilgreiningar
og
aðgengi.</em>
</h2>

<h3 class="article__title">
1.
gr.
<em class="article__name">Gildissvið.</em>
</h3>

<p>
Reglugerð
þessi
afmarkar
heilbrigðisumdæmi
landsins.
</p>

<p>
Reglugerð
þessi
gildir
um
hlutverk,
starfsemi
og
þjónustu
heilbrigðisstofnana
heilbrigðisumdæma,
heilsugæslustöðva
og
sjúkrahúsa
á
vegum
þeirra.
Þá
gildir
reglugerð
þessi
um
hlutverk,
starfsemi
og
þjónustu
Landspítala
og
Sjúkrahússins
á
Akureyri.
</p>

<p>
Reglugerð
þessi
gildir
einnig
um
hlutverk,
starfsemi
og
þjónustu
sjálfstætt
starfandi
heilsugæslustöðva
eftir
því
sem
við
á.
</p>

<h3 class="article__title">
2.
gr.
<em class="article__name">Markmið.</em>
</h3>

<p>
Markmið
með
skiptingu
landsins
í
heilbrigðisumdæmi
er
að
leggja
grunn
að
skipulagi
heilbrigðisþjónustu
í
því
skyni
að
efla
og
bæta
þjónustu
og
tryggja
landsmönnum
jafnan
aðgang
að
þjónustunni.
</p>

<p>
Markmið
með
rekstri
heilbrigðisstofnana
er
að
tryggja
notendum
fullnægjandi
heilbrigðisþjónustu
á
réttu
þjónustustigi.
</p>

<h3 class="article__title">
3.
gr.
<em class="article__name">Heilbrigðisumdæmi
og
heilbrigðisstofnanir.</em>
</h3>

<p>
Landinu
skal
skipt
upp
í
eftirfarandi
heilbrigðisumdæmi,
sbr.
fylgiskjal
1:
</p>

<ol>

<li>
Heilbrigðisumdæmi
höfuðborgarsvæðisins.
</li>

<li>
Heilbrigðisumdæmi
Vesturlands.
</li>

<li>
Heilbrigðisumdæmi
Vestfjarða.
</li>

<li>
Heilbrigðisumdæmi
Norðurlands.
</li>

<li>
Heilbrigðisumdæmi
Austurlands.
</li>

<li>
Heilbrigðisumdæmi
Suðurlands.
</li>

<li>
Heilbrigðisumdæmi
Suðurnesja.
</li>

</ol>

<p>
Í
heilbrigðisumdæmum
landsins
starfa
eftirfarandi
heilbrigðisstofnanir:
</p>

<ol>

<li>
Heilsugæsla
höfuðborgarsvæðisins,
innan
heilbrigðisumdæmis
höfuðborgarsvæðisins.
</li>

<li>
Heilbrigðisstofnun
Vesturlands,
innan
heilbrigðisumdæmis
Vesturlands.
</li>

<li>
Heilbrigðisstofnun
Vestfjarða,
innan
heilbrigðisumdæmis
Vestfjarða.
</li>

<li>
Heilbrigðisstofnun
Norðurlands,
innan
heilbrigðisumdæmis
Norðurlands.
</li>

<li>
Heilbrigðisstofnun
Austurlands,
innan
heilbrigðisumdæmis
Austurlands.
</li>

<li>
Heilbrigðisstofnun
Suðurlands,
innan
heilbrigðisumdæmis
Suðurlands.
</li>

<li>
Heilbrigðisstofnun
Suðurnesja,
innan
heilbrigðisumdæmis
Suðurnesja.
</li>

</ol>

<h3 class="article__title">
4.
gr.
<em class="article__name">Stig
heilbrigðisþjónustu.</em>
</h3>

<p>
<em>Fyrsta
stigs
heilbrigðisþjónusta:</em>
Heilsugæsla,
heilsuvernd
og
forvarnir,
bráða-
og
slysamóttaka
og
önnur
heilbrigðisþjónusta
á
vegum
heilsugæslustöðva.
Þjónusta
og
hjúkrun
á
hjúkrunarheimilum,
í
hjúkrunar-
og
dvalarrýmum
stofnana
og
í
dagdvöl.
</p>

<p>
<em>Annars
stigs
heilbrigðisþjónusta:</em>
Heilbrigðisþjónusta
sem
veitt
er
á
sjúkrahúsum,
heilbrigðisstofnunum
og
starfsstofum
heilbrigðisstarfsmanna
samkvæmt
ákvörðun
ráðherra
eða
samningum
sem
gerðir
eru
í
samræmi
við
ákvæði
VII.
kafla
laga
um
heilbrigðisþjónustu
og
lög
um
sjúkratryggingar
og
önnur
þjónusta
sem
að
jafnaði
er
ekki
veitt
á
heilsugæslustöðvum
og
fellur
ekki
undir
þriðja
stigs
heilbrigðisþjónustu.
</p>

<p>
<em>Þriðja
stigs
heilbrigðisþjónusta:</em>
Heilbrigðisþjónusta
sem
veitt
er
á
sjúkrahúsi
og
krefst
sérstakrar
kunnáttu,
háþróaðrar
tækni,
dýrra
og
vandmeðfarinna
lyfja
og
aðgengis
að
gjörgæslu.
</p>

<h3 class="article__title">
5.
gr.
<em class="article__name">Aðgengi.</em>
</h3>

<p>
Heilbrigðisstofnunum
ber
að
tryggja
jafnt
aðgengi
allra
notenda
heilbrigðisþjónustu
að
fyrsta,
annars
og
þriðja
stigs
heilbrigðisþjónustu.
</p>

<p>
Heilbrigðisstofnanir
skulu
hafa
með
sér
samráð
um
aðgengi
að
heilbrigðisþjónustu.
Jafnframt
skulu
heilbrigðisstofnanir
tryggja
samráð
og
eftirfylgni
með
notendum
þjónustunnar
þannig
að
samfella
sé
í
veitingu
heilbrigðisþjónustu
milli
heilbrigðisstofnana.
</p>

<p>
Heilbrigðisstofnanir
skulu
meðal
annars
nýta
sér
fjarheilbrigðisþjónustu
til
að
tryggja
aðgengi
landsmanna
að
þjónustunni.
</p>

<h2 class="chapter__title">
II.
KAFLI
<em class="chapter__name">Hlutverk
heilbrigðisstofnana.</em>
</h2>

<h3 class="article__title">
6.
gr.
<em class="article__name">Hlutverk
forstjóra
heilbrigðisstofnana.</em>
</h3>

<p>
Forstjóri
ber,
í
samræmi
við
erindisbréf,
ábyrgð
á
að
starfsemi
stofnunar
sem
hann
stýrir
starfi
í
samræmi
við
lög
og
stjórnvaldsfyrirmæli.
</p>

<p>
Forstjóri
ber
ábyrgð
á
þeirri
þjónustu
sem
veitt
er
á
þeirri
heilbrigðisstofnun
sem
undir
hann
heyrir.
</p>

<p>
Forstjóra
ber
að
tryggja
að
mönnun
sé
í
samræmi
við
hlutverk
heilbrigðisstofnunar.
</p>

<p>
Forstjóri
skal
leitast
við
að
efla
teymisvinnu
og
þverfaglegt
samstarf
milli
heilbrigðisstofnana
landsins.
</p>

<h3 class="article__title">
7.
gr.
<em class="article__name">Umbótastarf.</em>
</h3>

<p>
Heilbrigðisstofnanir
skulu
vinna
að
stöðugum
umbótum
og
framþróun
á
starfsemi
og
þjónustu.
</p>

<p>
Heilbrigðisstofnanir
skulu
taka
þátt
í
umbótastarfi
sem
heilbrigðisráðherra
á
hverjum
tíma
telur
mikilvægt
til
þess
að
koma
í
kring
umbótum
í
heilbrigðiskerfi
landsins.
</p>

<h3 class="article__title">
8.
gr.
<em class="article__name">Upplýsingagjöf.</em>
</h3>

<p>
Heilbrigðisstofnanir
skulu
veita
heilbrigðisráðuneyti
upplýsingar
um
starfsemi
og
þjónustu
stofnana
þegar
eftir
því
er
óskað.
</p>

<p>
Heilbrigðisstofnanir
skulu
veita
notendum
heilbrigðisþjónustu
í
sínu
umdæmi
upplýsingar
um
starfsemi
sína,
starfsáætlun,
gæðavísa,
biðtíma
og
þjónustuframboð
og
hafa
samráð
við
þá
eftir
þörfum.
</p>

<h3 class="article__title">
9.
gr.
<em class="article__name">Kennsla
heilbrigðisstétta.</em>
</h3>

<p>
Heilbrigðisstofnanir
skulu
taka
að
sér
kennslu
heilbrigðisstétta
á
grundvelli
samninga
við
háskólasjúkrahús,
kennslusjúkrahús
og/eða
aðrar
menntastofnanir.
</p>

<h3 class="article__title">
10.
gr.
<em class="article__name">Vísindarannsóknir.</em>
</h3>

<p>
Heilbrigðisstofnunum
er
heimilt
að
stunda
eða
taka
þátt
í
vísindarannsóknum,
meðal
annars
í
samstarfi
við
aðrar
heilbrigðisstofnanir
og
menntastofnanir
í
samræmi
við
lög
og
reglur
þar
að
lútandi.
</p>

<h3 class="article__title">
11.
gr.
<em class="article__name">Faglegar
kröfur.</em>
</h3>

<p>
Heilbrigðisþjónusta
skal
fullnægja
kröfum
sem
gerðar
eru
til
þjónustunnar
samkvæmt
lögum
um
heilbrigðisþjónustu,
lögum
um
landlækni
og
lýðheilsu,
reglugerðum
sem
settar
eru
á
grundvelli
þeirra
og
samningum
sem
gerðir
eru
um
þjónustuna.
</p>

<h2 class="chapter__title">
III.
KAFLI
<em class="chapter__name">Fagráð
heilbrigðisstofnana.</em>
</h2>

<h3 class="article__title">
12.
gr.
<em class="article__name">Skipan
og
verklag
fagráða.</em>
</h3>

<p>
Forstjóri
heilbrigðisstofnunar
skipar
fagráð
sem
í
sitja
að
minnsta
kosti
einn
fulltrúi
lækna,
einn
fulltrúi
hjúkrunarfræðinga
og
einn
fulltrúi
annarra
heilbrigðisstétta
sem
eru
í
föstu
starfi
innan
heilbrigðisstofnunarinnar.
Forstjórum
stærri
heilbrigðisstofnana
er
þó
heimilt
að
skipa
allt
að
sjö
fulltrúa
í
fagráðið
og
skal
við
skipunina
gæta
jafnræðis
milli
fagstétta
starfandi
heilbrigðisstarfsmanna
innan
stofnunarinnar.
</p>

<p>
Forstjóra
ber
að
leita
álits
fagráðs
um
mikilvægar
ákvarðanir
sem
varða
heilbrigðisþjónustu
og
skipulag
heilbrigðisstofnunarinnar
en
er
þó
ekki
bundinn
af
álitinu.
</p>

<p>
Fagráð
skal
kjósa
sér
formann
og
annan
til
vara.
</p>

<p>
Fagráð
skal
setja
sér
starfsreglur
sem
staðfestar
skulu
af
forstjóra.
</p>

<p>
Formaður
fagráðs
skal
í
samráði
við
forstjóra
boða
til
upplýsinga-
og
samráðsfunda
eftir
því
sem
þurfa
þykir
og
eigi
sjaldnar
en
fjórum
sinnum
á
ári.
</p>

<p>
Skipun
í
fagráð
er
tímabundin
til
þriggja
ára.
</p>

<h2 class="chapter__title">
IV.
KAFLI
<em class="chapter__name">Heilbrigðisumdæmi
og
heilbrigðisstofnanir.</em>
</h2>

<h3 class="article__title">
13.
gr.
<em class="article__name">Heilbrigðisstofnanir
í
heilbrigðisumdæmum.</em>
</h3>

<p>
Í
hverju
heilbrigðisumdæmi
eins
og
þau
eru
afmörkuð
í
reglugerð
þessari
skal
starfrækt
heilbrigðisstofnun
eða
heilbrigðisstofnanir
sem
veita
fyrsta
og
annars
stigs
heilbrigðisþjónustu
í
umdæminu
á
heilsugæslustöðvum
og/eða
sjúkrahúsum,
meðal
annars
á
göngu-
og
dagdeildum.
</p>

<h3 class="article__title">
14.
gr.
<em class="article__name">Forstjóri
heilbrigðisstofnunar
heilbrigðisumdæmis.</em>
</h3>

<p>
Forstjóri
heilbrigðisstofnunar
heilbrigðisumdæmis
skal
hafa
forgöngu
um
þróun
og
eflingu
heilbrigðisþjónustu
í
umdæminu
í
samræmi
við
stefnumörkun
ráðherra
og
samvinnu
við
aðila
sem
veita
heilbrigðisþjónustu
í
umdæminu.
</p>

<p>
Forstjóri
skal
boða
landshlutasamtök
sveitarstjórna
í
umdæmi
sínu
til
samráðs-
og
upplýsingafunda
um
starfsemi
stofnunar
og
þróun
þjónustunnar
eigi
sjaldnar
en
einu
sinni
á
ári.
Séu
fyrirhugaðar
grundvallarbreytingar
á
staðbundinni
þjónustu
skal
hann
jafnframt
boða
til
samráðs-
og
upplýsingafunda
með
einstökum
sveitarstjórnum.
</p>

<h3 class="article__title">
15.
gr.
<em class="article__name">Samráðsnefnd
forstjóra
heilbrigðisstofnana.</em>
</h3>

<p>
Forstjórar
heilbrigðisstofnana
í
heilbrigðisumdæmum
og
forstjórar
Landspítalans,
Sjúkrahússins
á
Akureyri
og
Heilsugæslu
höfuðborgarsvæðisins
eiga
sæti
í
samráðsnefnd
forstjóra
heilbrigðisstofnana.
Nefndin
kýs
formann
og
annan
til
vara
úr
sínum
hópi.
Nefndinni
er
ætlað
að
skapa
samráðsvettvang
þar
sem
forstjórar
heilbrigðisstofnana
miðla
þekkingu
og
reynslu
og
stuðla
að
sameiginlegri
þróun
og
hagkvæmni
í
rekstri
heilbrigðisþjónustunnar.
Ráðherra
getur
sett
samráðsnefnd
forstjóra
heilbrigðisstofnana
nánari
starfsreglur.
</p>

<h3 class="article__title">
16.
gr.
<em class="article__name">Þarfagreining
og
áætlanir.</em>
</h3>

<p>
Heilbrigðisstofnunum
heilbrigðisumdæma
ber
að
leggja
mat
á
þörf
íbúa
heilbrigðisumdæmis
fyrir
heilbrigðisþjónustu
og
leggja
fram
áætlun
um
hvernig
þeim
þörfum
skuli
mætt.
</p>

<p>
Heilbrigðisstofnanir
heilbrigðisumdæma
skulu
árlega
gera
starfsáætlun,
áætlun
um
mönnun
og
mönnunarþörf
sem
tekur
mið
af
þarfagreiningu
skv.
1.
mgr.
</p>

<h2 class="chapter__title">
V.
KAFLI
<em class="chapter__name">Heilsugæslustöðvar.</em>
</h2>

<h3 class="article__title">
17.
gr.
<em class="article__name">Aðgengi
að
heilsugæslustöð.</em>
</h3>

<p>
Hver
einstaklingur
skal
eiga
rétt
á
þjónustu
heilsugæslu
í
sinni
heimabyggð,
að
jafnaði
á
þeirri
stöð
sem
er
næst
heimili
hans.
</p>

<p>
Einstaklingur
skal
að
jafnaði
skráður
á
ákveðna
heilsugæslustöð
hjá
tilteknum
heimilislækni
og
skal
heilbrigðisstofnun
sem
heilsugæslustöð
tilheyrir
leitast
við
að
tryggja
það.
Ef
ekki
reynist
unnt
að
skrá
einstakling
hjá
tilteknum
heimilislækni
á
heilsugæslustöðinni
skal
þess
gætt
að
hann
njóti
sambærilegrar
þjónustu
á
stöðinni
og
aðrir.
</p>

<p>
Heimilt
er
að
skjóta
ákvörðun
forstjóra
heilbrigðisstofnunar
um
að
synja
einstaklingi
um
skráningu
á
heilsugæslustöð
til
ráðherra
með
kæru.
Um
málsmeðferð
fer
samkvæmt
stjórnsýslulögum.
</p>

<p>
Sjúkratryggingar
Íslands
skulu
hafa
eftirlit
með
því
að
skrár
heilsugæslustöðva
séu
uppfærðar
reglulega.
</p>

<p>
Heilbrigðisstofnanir
í
hverju
heilbrigðisumdæmi
skulu
hafa
með
sér
samráð
um
skipulag
heilsugæslunnar
í
umdæminu
og
aðgengi
að
henni.
Komi
upp
ágreiningur
milli
heilbrigðisstofnana
um
skipulag
og
aðgengi
að
heilsugæslu
í
heilbrigðisumdæmi
sker
ráðherra
úr.
</p>

<p>
Þrátt
fyrir
skiptingu
landsins
í
heilbrigðisumdæmi
skulu
notendur
heilbrigðisþjónustu
eiga
jafnan
rétt
á
að
leita
til
þeirrar
heilsugæslustöðvar
sem
þeir
kjósa.
</p>

<h3 class="article__title">
18.
gr.
<em class="article__name">Hlutverk
heilsugæslustöðva.</em>
</h3>

<p>
Heilsugæslustöðvar
sinna
fyrsta
stigs
heilbrigðisþjónustu
og
eftir
atvikum
annars
stigs
heilbrigðisþjónustu.
</p>

<p>
Skipulag
heilsugæslustöðvar
skal
miða
við
að
hún
sé
fyrsti
viðkomustaður
notenda
heilbrigðisþjónustu.
</p>

<p>
Heilsugæslustöðvar
skulu
viðhafa
teymisvinnu
og
þverfaglegt
samstarf,
gagnreynd
vinnubrögð
og
nýta
leiðbeiningar
frá
Þróunarmiðstöð
íslenskrar
heilsugæslu.
</p>

<h3 class="article__title">
19.
gr.
<em class="article__name">Þjónusta
á
heilsugæslustöðvum.</em>
</h3>

<p>
Á
heilsugæslustöð
eða
á
vegum
hennar
skal
meðal
annars
veitt
eftirfarandi
þjónusta:
</p>

<ol type="a">

<li>
Heimilislækningar,
þar
sem
sinna
skal
bráðum
og
langvinnum
heilsuvanda
með
áherslu
á
samfellda
þjónustu
í
samræmi
við
þarfir
notenda
heilbrigðisþjónustu
hverju
sinni.
</li>

<li>
Opin
móttaka,
þar
sem
bráðaerindum,
smáslysum
og
bólusetningum
er
sinnt.
</li>

<li>
Bókuð
móttaka,
þar
sem
meðal
annars
skal
boðið
upp
á
sárameðferðir,
lyfjagjafir,
smáaðgerðir,
leghálsskimanir
og
ferðamannaheilsuvernd.
</li>

<li>
Heilsueflandi
móttaka,
þar
sem
einstaklingum
með/eða
í
hættu
á
að
fá
fjölþættan
og/eða
langvinnan
heilsuvanda
er
veitt
heildræn
og
þverfagleg
þjónusta.
Áhersla
skal
lögð
á
styrkleika
einstaklings
og
fjölskyldu
til
að
virkja
áhugahvöt
til
lífsstílsbreytinga
og
sjálfshjálpar
og
þar
með
eflingu
á
lífsgæðum.
</li>

<li>
Geðheilbrigðisþjónusta
fyrir
börn
og
fullorðna
sem
felur
í
sér
mat
á
vanda,
meðferðaráætlun
og
sálfræðimeðferð,
bæði
einstaklings-
og
hópmeðferðir.
Áhersla
skal
lögð
á
meðferð
við
þunglyndi,
kvíða
og
áföllum
þar
sem
vandinn
er
vægur
eða
miðlungs
alvarlegur.
</li>

<li>
Heilbrigðisþjónusta
heim,
fyrir
þá
einstaklinga
sem
hennar
þarfnast.
Bjóða
skal
upp
á
þverfaglega
þjónustu
þar
sem
heimahjúkrun
er
í
forgrunni.
</li>

</ol>

<p>
Á
heilsugæslustöð
eða
á
vegum
hennar
skal
veita
eftirfarandi
heilsuvernd
á
tilteknum
æviskeiðum:
</p>

<ol type="a">

<li>
Meðgönguvernd,
sem
hefur
það
hlutverk
að
stuðla
að
heilbrigði
mæðra
og
barna
með
faglegri
umönnun,
stuðningi
og
ráðgjöf
ásamt
því
að
greina
áhættuþætti
og
bregðast
við
þeim.
Einnig
skal
stuðla
að
auknu
öryggi
og
vellíðan
foreldra
og
búa
þá
undir
foreldrahlutverk
sitt.
</li>

<li>
Ung-
og
smábarnavernd,
sem
hefur
það
hlutverk
að
efla
heilsu,
vellíðan
og
þroska
ungra
barna
með
reglulegum
heilsufarsskoðunum
ásamt
stuðningi
og
fræðslu
til
fjölskyldna
þeirra.
</li>

<li>
Heilsuvernd
skólabarna,
sem
hefur
það
hlutverk
að
efla
heilbrigði
grunnskólabarna
og
stuðla
að
vellíðan
þeirra.
Þjónustan
skal
að
jafnaði
veitt
í
skólum.
Náin
samvinna
skal
vera
við
skólayfirvöld,
foreldra
og
aðra
fagaðila
sem
koma
að
málefnum
barna.
</li>

<li>
Heilsuvernd
eldra
fólks,
sem
hefur
það
hlutverk
að
auðvelda
eldra
fólki
aðgengi
að
heilbrigðisþjónustu
sem
sniðin
er
að
þörfum
þess.
Styðja
og
styrkja
eldra
fólk
til
sjálfshjálpar
og
viðhalda
þannig
andlegu,
líkamlegu
og
félagslegu
heilbrigði.
Samhæfa
þjónustu
og
auðvelda
samskipti
einstaklinga,
þjónustuaðila
og
fjölskyldna
til
að
tryggja
sem
besta
samfellu
í
þjónustu.
</li>

</ol>

<p>
Heilsugæslustöðvar
skulu
veita
aðra
heilbrigðisþjónustu,
svo
sem
félagsráðgjöf,
iðju-
og
sjúkraþjálfun,
næringarráðgjöf
o.fl.
í
samræmi
við
ákvörðun
ráðherra
eða
á
grundvelli
samninga
sem
gerðir
eru
á
grundvelli
laga
um
heilbrigðisþjónustu.
</p>

<h3 class="article__title">
20.
gr.
<em class="article__name">Heilsugæsla
höfuðborgarsvæðisins.</em>
</h3>

<p>
Heilsugæsla
höfuðborgarsvæðisins
sinnir
heilsugæslu
í
heilbrigðisumdæmi
höfuðborgarsvæðisins.
</p>

<p>
Heilsugæsla
höfuðborgarsvæðisins
ber
ábyrgð
á
samhæfingu
krabbameinsskimana
á
landsvísu.
</p>

<p>
Forstjóri
Heilsugæslu
höfuðborgarsvæðisins
er
umdæmisstjóri
í
heilbrigðisumdæmi
höfuðborgarsvæðisins.
</p>

<h3 class="article__title">
21.
gr.
<em class="article__name">Þróunarmiðstöð
íslenskrar
heilsugæslu.</em>
</h3>

<p>
Innan
Heilsugæslu
höfuðborgarsvæðisins
starfar
Þróunarmiðstöð
íslenskrar
heilsugæslu
sem
leiðir
faglega
þróun
innan
heilsugæslu
á
landsvísu,
vinnur
að
samræmingu
verklags
og
samhæfingar
milli
fagfólks
á
heilsugæslustöðvum,
gæðaþróun
og
framförum
í
heilsugæslu
í
samráði
við
heilbrigðisstofnanir
sem
reka
heilsugæslustöðvar
og
sjálfstætt
starfandi
heilsugæslustöðvar.
</p>

<p>
Forstjóri
Heilsugæslu
höfuðborgarsvæðisins
ræður
forstöðumann
Þróunarmiðstöðvar
íslenskrar
heilsugæslu.
</p>

<p>
Heilbrigðisráðherra
skipar
fagráð
sem
vinnur
að
stefnumörkun
og
tryggir
tengsl
við
aðrar
heilbrigðisstofnanir
sem
reka
heilsugæslustöðvar.
Í
fagráðinu
situr
einn
fulltrúi
frá
hverri
heilbrigðisstofnun
sem
rekur
heilsugæslustöð,
einn
fulltrúi
frá
sjálfstætt
starfandi
heilsugæslustöðvum,
einn
fulltrúi
frá
heilbrigðisvísindasviði
Háskóla
Íslands
og
einn
fulltrúi
frá
heilbrigðisvísindasviði
Háskólans
á
Akureyri
ásamt
forstöðumanni
Þróunarmiðstöðvar
íslenskrar
heilsugæslu
sem
veitir
fagráðinu
forystu.
Fagráðið
situr
innan
Þróunarmiðstöðvar
íslenskrar
heilsugæslu
og
ber
að
skila
starfsemisáætlun
til
Heilsugæslu
höfuðborgarsvæðisins
til
tveggja
ára
í
senn.
</p>

<h2 class="chapter__title">
VI.
KAFLI
<em class="chapter__name">Hlutverk,
starfsemi
og
þjónusta
Landspítala.</em>
</h2>

<h3 class="article__title">
22.
gr.
<em class="article__name">Hlutverk
Landspítala.</em>
</h3>

<p>
Hlutverk
Landspítala
er
að:
</p>

<ol type="a">

<li>
Vera
aðalsjúkrahús
og
háskólasjúkrahús
landsins.
</li>

<li>
Veita
heilbrigðisþjónustu
sem
á
hverjum
tíma
samræmist
skyldu
háskólasjúkrahúss,
meðal
annars
sérfræðiþjónustu
í
nær
öllum
viðurkenndum
greinum
læknisfræði,
hjúkrunarfræði
og
eftir
atvikum
öðrum
greinum
heilbrigðisvísinda
sem
stundaðar
eru
hér
á
landi,
með
aðgengi
að
stoðdeildum
og
rannsóknadeildum.
</li>

<li>
Annast
starfsnám
háskólanema
og
framhaldsskólanema
í
heilbrigðisgreinum
í
grunn-
og
framhaldsnámi
í
samvinnu
við
menntastofnanir
og
aðrar
heilbrigðisstofnanir.
</li>

<li>
Stunda
vísindarannsóknir
á
heilbrigðissviði.
</li>

<li>
Veita
háskólamenntuðum
starfsmönnum
sérmenntun
í
heilbrigðisgreinum.
</li>

<li>
Gera
fagfólki
kleift
að
sinna
fræðastörfum
við
háskóla
og
veita
þeim
aðstöðu
til
þess
að
sinna
rannsóknum
og
öðrum
störfum
við
sjúkrahúsið.
</li>

<li>
Starfrækja
blóðbanka
sem
hefur
með
höndum
blóðbankaþjónustu
á
landsvísu.
</li>

<li>
Þróa
náið
samstarf
við
háskólasjúkrahús
á
Norðurlöndunum
í
því
skyni
að
tryggja
heilbrigðisþjónustu
sem
ekki
er
hægt
að
veita
hér
á
landi
og
opna
möguleika
fyrir
nánari
samskipti
sérfræðinga,
menntun
heilbrigðisstarfsfólks
og
vísindasamstarf.
</li>

<li>
Þróa
nýjar
aðferðir
við
heilbrigðisþjónustu
og
miðla
nýrri
kunnáttu
til
annarra
heilbrigðisstofnana
á
landinu.
</li>

</ol>

<h3 class="article__title">
23.
gr.
<em class="article__name">Þjónusta
Landspítala.</em>
</h3>

<p>
Landspítali
skal
veita
annars
og
þriðja
stigs
heilbrigðisþjónustu.
</p>

<p>
Landspítali
skal
veita
nauðsynlega
sérfræðiþjónustu,
meðal
annars
samkvæmt
samningum
við
heilbrigðisstofnanir
heilbrigðisumdæma
og
í
nánu
samstarfi
við
heilbrigðisstofnanir.
</p>

<p>
Landspítala
ber
að
þróa
öfluga
dag-
og
göngudeildarþjónustu
þar
sem
notendur
heilbrigðisþjónustu
sem
þurfa
álit
sérfræðings
geta
komið
samkvæmt
beiðni
læknis
á
heilsugæslu
eða
annarra
sérfræðinga,
óháð
því
hvort
þeir
hafa
legið
inni
á
spítalanum
eða
ekki.
</p>

<p>
Landspítali
skal
þróa
samvinnu
við
aðrar
heilbrigðisstofnanir
til
að
tryggja
að
notendur
fái
heilbrigðisþjónustu
á
réttu
þjónustustigi.
Landspítali
ber
ábyrgð
á
því
að
skilvirk
verkferli
séu
þróuð
í
samvinnu
við
aðra
þjónustuaðila.
</p>

<h3 class="article__title">
24.
gr.
<em class="article__name">Samstarf
Landspítala
og
Háskóla
Íslands.</em>
</h3>

<p>
Landspítali
og
Háskóli
Íslands
skulu
gera
með
sér
samning
um
samstarf
sem
skal
meðal
annars
kveða
á
um
reglulega
samráðsfundi
forstjóra
Landspítala
og
háskólarektors.
Landspítali
og
Háskóli
Íslands
skulu
setja
verklagsreglur
um
málefni
starfsmanna
sem
hafa
starfsskyldur
gagnvart
báðum
stofnunum.
Reglurnar
skulu
staðfestar
af
ráðherra
og
birtar
í
Stjórnartíðindum.
</p>

<h3 class="article__title">
25.
gr.
<em class="article__name">Aðild
Landspítala
að
rannsóknar-
og
þróunarfyrirtækjum.</em>
</h3>

<p>
Landspítala
er
heimilt
með
samþykki
ráðherra
að
eiga
aðild
að
rannsóknar-
og
þróunarfyrirtækjum
sem
eru
hlutafélög,
sjálfseignarstofnanir
eða
félög
með
takmarkaða
ábyrgð
og
stunda
framleiðslu
og
sölu
í
því
skyni
að
hagnýta
og
þróa
niðurstöður
rannsókna
sem
spítalinn
vinnur
að
hverju
sinni.
Forstjóri
Landspítala
fer
með
eignarhlut
spítalans
í
slíkum
fyrirtækjum.
</p>

<h2 class="chapter__title">
VII.
KAFLI
<em class="chapter__name">Hlutverk,
starfsemi
og
þjónusta
Sjúkrahússins
á
Akureyri.</em>
</h2>

<h3 class="article__title">
26.
gr.
<em class="article__name">Hlutverk
Sjúkrahússins
á
Akureyri.</em>
</h3>

<p>
Hlutverk
Sjúkrahússins
á
Akureyri
er
að:
</p>

<ol type="a">

<li>
Vera
kennslusjúkrahús
og
varasjúkrahús
Landspítala.
</li>

<li>
Veita
heilbrigðisþjónustu
sem
á
hverjum
tíma
samræmist
skyldu
kennslusjúkrahúss,
meðal
annars
sérfræðiþjónustu
í
nær
öllum
viðurkenndum
greinum
læknisfræði,
hjúkrunarfræði
og
eftir
atvikum
öðrum
greinum
heilbrigðisvísinda
sem
stundaðar
eru
hér
á
landi,
með
aðgengi
að
stoðdeildum
og
rannsóknadeildum.
</li>

<li>
Annast
starfsnám
háskólanema
og
framhaldsskólanema
í
heilbrigðisgreinum
í
grunn-
og
framhaldsnámi
í
samvinnu
við
menntastofnanir
og
aðrar
heilbrigðisstofnanir.
</li>

<li>
Veita
háskólamenntuðum
starfsmönnum
sérmenntun
í
heilbrigðisgreinum.
</li>

<li>
Gera
fagfólki
kleift
að
sinna
fræðastörfum
við
háskóla
og
veita
þeim
aðstöðu
til
þess
að
sinna
rannsóknum
og
öðrum
störfum
við
sjúkrahúsið.
</li>

</ol>

<h3 class="article__title">
27.
gr.
<em class="article__name">Þjónusta
Sjúkrahússins
á
Akureyri.</em>
</h3>

<p>
Sjúkrahúsið
á
Akureyri
skal
veita
annars
stigs
heilbrigðisþjónustu
og
að
einhverju
leyti
þriðja
stigs
heilbrigðisþjónustu.
Sjúkrahúsið
á
Akureyri
og
Landspítali
skulu
hafa
með
sér
samráð
um
veitingu
á
þriðja
stigs
heilbrigðisþjónustu.
</p>

<p>
Sjúkrahúsið
á
Akureyri
skal
veita
nauðsynlega
sérfræðiþjónustu,
meðal
annars
samkvæmt
samningum
við
heilbrigðisstofnanir
heilbrigðisumdæma
og
í
nánu
samstarfi
við
heilbrigðisstofnanir.
</p>

<p>
Sjúkrahúsið
á
Akureyri
skal
þróa
öfluga
dag-
og
göngudeildarþjónustu
þar
sem
notendur
heilbrigðisþjónustu
sem
þurfa
álit
sérfræðings
geta
komið
samkvæmt
beiðni
heilsugæslulæknis
eða
annarra
sérfræðinga,
óháð
því
hvort
þeir
hafi
legið
inni
á
sjúkrahúsinu
eða
ekki.
</p>

<p>
Sjúkrahúsið
á
Akureyri
skal
þróa
samvinnu
við
aðrar
heilbrigðisstofnanir
til
að
tryggja
að
notendur
fái
heilbrigðisþjónustu
á
réttu
þjónustustigi.
Sjúkrahúsið
á
Akureyri
ber
ábyrgð
á
því
að
skilvirk
verkferli
séu
þróuð
í
samvinnu
við
aðra
þjónustuaðila.
</p>

<h3 class="article__title">
28.
gr.
<em class="article__name">Aðild
Sjúkrahússins
á
Akureyri
að
rannsóknar-
og
þróunarfyrirtækjum.</em>
</h3>

<p>
Sjúkrahúsinu
á
Akureyri
er
heimilt
með
samþykki
ráðherra
að
eiga
aðild
að
rannsóknar-
og
þróunarfyrirtækjum
sem
eru
hlutafélög,
sjálfseignarstofnanir
eða
félög
með
takmarkaða
ábyrgð
og
stunda
framleiðslu
og
sölu
í
því
skyni
að
hagnýta
og
þróa
niðurstöður
rannsókna
sem
spítalinn
vinnur
að
hverju
sinni.
Forstjóri
Sjúkrahússins
á
Akureyri
fer
með
eignarhlut
spítalans
í
slíkum
fyrirtækjum.
</p>

<h2 class="chapter__title">
VIII.
KAFLI
<em class="chapter__name">Gildistaka.</em>
</h2>

<h3 class="article__title">
29.
gr.
<em class="article__name">Gildistaka.</em>
</h3>

<p>
Reglugerð
þessi,
sem
sett
er
með
stoð
í
1.
mgr.
5.
gr.,
3.
mgr.
6.
gr.,
2.
mgr.
7.
gr.,
2.
mgr.
7.
gr.
a,
2.
mgr.
7.
gr.
b,
3.
mgr.
13.
gr.
og
38.
gr.
laga
nr.
40/2007,
um
heilbrigðisþjónustu,
með
síðari
breytingum,
öðlast
þegar
gildi.
Við
gildistöku
reglugerðar
þessarar
falla
úr
gildi
reglugerðir
nr.
787/2007,
um
heilsugæslustöðvar,
með
síðari
breytingum,
og
nr.
1084/2014,
um
heilbrigðisumdæmi,
með
síðari
breytingum.
</p>

<p class="Dags" align="center">
<em>Heilbrigðisráðuneytinu,
2.
nóvember
2020.</em>
</p>

<p align="center">
<strong>Svandís
Svavarsdóttir.</strong>
</p>

<p align="right">
<em>Elsa
B.
Friðfinnsdóttir.</em>
</p>

<p>
<u><strong>Fylgiskjal.</strong></u><br />
(sjá
PDF-skjal)
</p>
