<h3 class="article__title">
1.
gr.
</h3>

<p>
Við
reglugerðina
bætast
tvö
ný
bráðabirgðaákvæði
svohljóðandi:
</p>

<p align="center">
I.
</p>

<p>
Þrátt
fyrir
1.
mgr.
5.
gr.
er
Fiskistofu
heimilt
að
taka
til
greina
umsóknir
um
byggðakvóta
sem
bárust
eftir
umsóknarfrest
í
sveitarfélögum
þar
sem
byggðakvóta
hefur
ekki
þegar
verið
úthlutað.
</p>

<p align="center">
II.
</p>

<p>
Heimilt
er
sveitarstjórnum
að
óska
eftir
að
tímabundið
verði
vikið
frá
skilyrðum
1.
mgr.
6.
gr.
um
að
landa
afla
innan
hlutaðeigandi
byggðarlags
ef
vinnsla
liggur
niðri
vegna
COVID-19
að
hluta
eða
öllu
leyti.
</p>

<p>
Sveitarstjórn
skal
senda
tillögu
til
ráðuneytisins
ásamt
rökstuðningi
um
hvers
vegna
þörf
er
á
tímabundinni
undanþágu.
</p>

<h3 class="article__title">
2.
gr.
</h3>

<p>
Reglugerð
þessi
er
sett
samkvæmt
ákvæðum
laga
nr.
79/1997,
um
veiðar
í
fiskveiðilandhelgi
Íslands,
laga
nr.
116/2006,
um
stjórn
fiskveiða
og
laga
nr.
57/1996,
um
umgengni
um
nytjastofna
sjávar
og
öðlast
þegar
gildi.
</p>

<p class="Dags" align="center">
<em>Atvinnuvega-
og
nýsköpunarráðuneytinu,
21.
apríl
2020.</em>
</p>

<p align="center">
<strong>Kristján
Þór
Júlíusson</strong><br />
sjávarútvegs-
og
landbúnaðarráðherra.
</p>

<p align="right">
<em>Jóhann
Guðmundsson.</em>
</p>
