<h3 class="article__title">
1.
gr.
<em class="article__name">Ákvörðun
og
markmið.</em>
</h3>

<p>
Með
vísan
til
2.
mgr.
12.
gr.
sóttvarnalaga
nr.
19/1997
hefur
heilbrigðisráðherra
ákveðið,
að
fenginni
tillögu
sóttvarnalæknis
og
í
samráði
við
mennta-
og
menningarmálaráðherra,
að
takmarka
skólastarf
tímabundið
eftir
því
sem
hér
greinir.
</p>

<p>
Markmið
með
reglugerð
þessari
er
að
tryggja
að
sem
minnst
röskun
verði
á
skólastarfi
vegna
COVID-19
sjúkdómsins
með
ýtrustu
sóttvarnarsjónarmið
að
leiðarljósi.
</p>

<h3 class="article__title">
2.
gr.
<em class="article__name">Gildissvið.</em>
</h3>

<p>
Takmörkun
á
skólastarfi
tekur
gildi
frá
og
með
18.
nóvember
2020
og
gildir
til
og
með
1.
desember
2020.
</p>

<p>
Um
fjöldatakmörkun
í
skólastarfi
á
hverju
skólastigi
fer
eftir
ákvæðum
reglugerðar
þessarar.
</p>

<p>
Stjórnvöld
endurmeta
þörf
á
takmörkun
skólastarfs
eftir
því
sem
efni
standa
til,
þ.e.
hvort
unnt
sé
að
aflétta
henni
fyrr
eða
hvort
þörf
sé
á
að
framlengja
gildistíma
hennar.
</p>

<p>
Takmörkun
á
skólastarfi
tekur
til
leikskóla,
grunnskóla,
tónlistarskóla,
framhaldsskóla,
framhaldsfræðslu
og
háskóla,
hvort
sem
um
er
að
ræða
opinbera
eða
einkarekna
skóla.
Þá
tekur
reglugerðin
jafnframt
til
annarrar
starfsemi,
svo
sem
skólabókasafna,
frístundaheimila
og
félagsmiðstöðva,
sem
og
til
íþrótta-,
æskulýðs-
og
tómstundastarfs.
</p>

<p>
Um
verklegt
ökunám
og
flugnám
fer
eftir
reglugerð
um
takmörkun
á
samkomum
vegna
farsóttar.
</p>

<h3 class="article__title">
3.
gr.
<em class="article__name">Leikskólar.</em>
</h3>

<p>
Leikskólum
er
heimilt,
samkvæmt
nánari
ákvörðun
sveitarfélaga,
að
halda
uppi
skólastarfi
í
skólabyggingum
með
2
metra
nálægðartakmörkum
milli
starfsfólks.
Sé
ekki
unnt
að
tryggja
2
metra
nálægðartakmörkun
milli
starfsfólks
og
leikskólabarna
skal
starfsfólk
nota
andlitsgrímur.
Ekki
skulu
vera
fleiri
en
10
fullorðnir
einstaklingar
í
hverju
rými,
þó
er
starfsmönnum
heimilt
að
fara
milli
hópa.
Ekki
skulu
vera
fleiri
en
50
leikskólabörn
í
hverju
rými.
Nálægðartakmörkun
tekur
ekki
til
barna
á
leikskólaaldri.
</p>

<p>
Foreldrar
og
aðstandendur
skulu
almennt
ekki
koma
inn
í
skólabyggingar
nema
brýna
nauðsyn
beri
til.
Viðvera
foreldra
sem
dvelja
inni
á
leikskóla
vegna
aðlögunar
skal
skipulögð
þannig
að
þeir
þurfi
ekki
að
nota
hreinlætis-
eða
mataraðstöðu
í
byggingunni
og
skulu
þeir
gæta
að
minnst
2
metra
nálægðartakmörkun
jafnt
sín
á
milli
sem
og
gagnvart
starfsfólki.
Aðeins
eitt
foreldri
fylgi
barni
í
aðlögun
og
skal
það
vera
sama
foreldrið
sem
fylgir
barninu
allt
aðlögunartímabilið.
</p>

<p>
Stjórnendum
leikskóla
er
heimilt
að
krefja
foreldra
um
að
nota
andlitsgrímur.
</p>

<p>
Aðrir
en
starfsmenn
sem
koma
inn
á
leikskóla,
svo
sem
starfsfólk
skólaþjónustu
sveitarfélaga
og
vegna
vöruflutninga,
skulu
gæta
að
2
metra
nálægðartakmörkun
og
bera
andlitsgrímur.
</p>

<p>
Ráðstafanir
skulu
gerðar
til
að
þrífa
og
sótthreinsa
byggingar
eftir
hvern
dag
og
milli
hópa
í
sama
rými.
</p>

<p>
Skipulagt
íþrótta-,
æskulýðs-
og
tómstundastarf
barna
á
leikskólaaldri
er
heimilt.
</p>

<h3 class="article__title">
4.
gr.
<em class="article__name">Grunnskólar.</em>
</h3>

<p>
Grunnskólum
er
heimilt,
samkvæmt
nánari
ákvörðun
sveitarfélaga,
að
halda
uppi
skólastarfi
í
skólabyggingum
með
2
metra
nálægðartakmörkum
milli
starfsfólks.
Sé
ekki
unnt
að
tryggja
2
metra
nálægðartakmörkun
milli
starfsfólks
og
grunnskólabarna
skal
starfsfólk
nota
andlitsgrímur.
Ekki
skulu
vera
fleiri
en
10
starfsmenn
í
hverju
rými,
þó
er
starfsmönnum
heimilt
að
fara
milli
hópa.
</p>

<p>
Nemendur
í
1.-4.
bekk
eru
undanþegnir
2
metra
nálægðartakmörkun
sem
og
grímuskyldu.
Ekki
skulu
vera
fleiri
en
50
nemendur
í
1.-4.
bekk
í
hverju
rými.
</p>

<p>
Um
nemendur
í
5.-10.
bekk
gildir
2
metra
nálægðartakmörkun
en
ef
víkja
þarf
frá
henni
ber
nemendum
að
nota
grímu.
Ekki
skulu
vera
fleiri
en
25
nemendur
í
5.-10.
bekk
í
hverju
rými.
</p>

<p>
Í
sameiginlegum
rýmum
skóla,
svo
sem
við
innganga,
í
anddyri,
á
salerni
og
göngum,
er
heimilt
að
víkja
frá
fjöldatakmörkun
og
reglu
um
blöndun
hópa
að
því
gefnu
að
nemendur
í
5.-10.
bekk
og
starfsfólk
notist
við
andlitsgrímu.
Við
aðstæður
þar
sem
ekki
er
hægt
að
framfylgja
nálægðartakmörkun,
svo
sem
í
verklegri
kennslu
og
listkennslu,
skulu
kennarar
og
nemendur
í
5.-10.
bekk
nota
andlitsgrímu.
</p>

<p>
Foreldrar
og
aðstandendur
skulu
almennt
ekki
koma
inn
í
skólabyggingar
nema
brýna
nauðsyn
beri
til.
Stjórnendum
grunnskóla
er
heimilt
að
krefja
foreldra,
þurfi
þeir
að
koma
inn
í
skólabyggingu,
um
að
nota
andlitsgrímur.
Aðrir
en
starfsmenn
sem
koma
inn
í
grunnskóla,
svo
sem
kennarar
tónlistarskóla
sem
koma
inn
í
grunnskóla
með
einstaklingskennslu,
starfsfólk
skólaþjónustu
sveitarfélaga
og
vegna
vöruflutninga,
skulu
bera
andlitsgrímur.
</p>

<p>
Ákvæði
1.
mgr.
tekur
einnig
til
frístundaheimila
fyrir
nemendur
í
1.-4.
bekk.
Halda
skal
sömu
hópaskiptingu
nemenda
í
grunnskólastarfi
og
á
frístundaheimilum
þannig
að
ekki
verði
blöndun
milli
nemendahópa.
</p>

<p>
Ráðstafanir
skulu
gerðar
til
að
þrífa
og
sótthreinsa
byggingar
eftir
hvern
dag
og
milli
hópa
í
sama
rými.
</p>

<p>
Skipulagt
íþrótta-,
æskulýðs-
og
tómstundastarf,
þ.m.t.
starf
félagsmiðstöðva,
barna
á
grunnskólaaldri
er
heimilt.
</p>

<p>
Mötuneyti
er
heimilt
að
starfa
samkvæmt
gildandi
ákvæðum
um
fjöldatakmarkanir
og
nálægðartakmarkanir.
</p>

<h3 class="article__title">
5.
gr.
<em class="article__name">Tónlistarskólar.</em>
</h3>

<p>
Tónlistarskólum
er
heimilt
að
sinna
einstaklingskennslu
með
2
metra
nálægðartakmörkun
milli
starfsfólks
og
nemenda.
Ekki
er
fleiri
en
tíu
einstaklingum,
þ.e.
starfsfólki
og
nemendum,
heimilt
að
vera
í
sama
rými
í
einu,
en
gæta
þarf
að
því
að
ekki
verði
um
frekari
blöndun
hópa
að
ræða
en
í
skólastarfi.
Andlitsgrímur
skulu
notaðar
í
öllu
starfi
með
nemendum
þar
sem
því
verður
við
komið.
</p>

<p>
Foreldrar
og
aðstandendur
skulu
almennt
ekki
koma
í
tónlistarskóla
nema
brýna
nauðsyn
beri
til.
Aðrir
en
starfsmenn
sem
koma
í
tónlistarskóla,
svo
sem
vegna
vöruflutninga,
skulu
bera
andlitsgrímur.
</p>

<p>
Ráðstafanir
skulu
gerðar
til
að
þrífa
og
sótthreinsa
byggingar
og
búnað
eftir
hvern
dag
og
milli
einstaklinga
og
hópa
í
sama
rými.
</p>

<h3 class="article__title">
6.
gr.
<em class="article__name">Framhaldsskólar.</em>
</h3>

<p>
Skólastarf
á
framhaldsskólastigi,
í
lýðskóla
og
framhaldsfræðslu
er
heimilt
að
því
tilskildu
að
nemendur
og
starfsfólk
geti
haft
minnst
2
metra
fjarlægð
sín
á
milli
og
fjöldi
nemenda
og
starfsmanna
fari
aldrei
yfir
25
í
hverju
rými.
Sé
ekki
unnt
að
halda
2
metra
fjarlægð
skulu
nemendur
og
starfsmenn
nota
andlitsgrímur.
</p>

<p>
Í
sameiginlegum
rýmum
skóla,
svo
sem
við
innganga,
í
anddyri,
á
salerni
og
göngum,
er
heimilt
að
víkja
frá
fjöldatakmörkun
og
reglu
um
blöndun
hópa
að
því
gefnu
að
notast
sé
við
andlitsgrímu.
</p>

<p>
Við
aðstæður
þar
sem
ekki
er
hægt
að
framfylgja
nálægðartakmörkun,
svo
sem
í
verklegri
kennslu,
listkennslu,
klínísku
námi
og
kennslu
nemenda
á
starfsbrautum,
skulu
nemendur
og
kennarar
nota
andlitsgrímu.
</p>

<p>
Blöndun
nemenda
milli
hópa
er
ekki
heimil
í
kennslu
en
starfsfólki
er
heimilt
að
fara
á
milli
hópa.
</p>

<p>
Aðrir
viðburðir
sem
ekki
teljast
til
kennslu
eða
náms
skulu
ekki
fara
fram
í
skólabyggingum.
Takmarka
skal
gestakomur
í
skólabyggingar.
</p>

<p>
Sameiginlegir
snertifletir
í
kennslustofum
skulu
sótthreinsaðir
eftir
hverja
viðveru
nemendahópa.
Jafnframt
skal
sótthreinsa
sameiginlegan
búnað
og
snertifleti
a.m.k.
einu
sinni
á
dag
og
leggja
áherslu
á
einstaklingsbundnar
sóttvarnir.
</p>

<p>
Ákvæði
þetta
kemur
ekki
í
veg
fyrir
að
nemendur
geti
dvalið
á
heimavist.
</p>

<p>
Heimilt
er
að
halda
þýðingarmikil
próf
fyrir
allt
að
30
einstaklinga
í
vel
loftræstum
rýmum,
að
uppfylltri
2
metra
nálægðartakmörkun
og
ýtrustu
sóttvarnaráðstöfunum.
</p>

<p>
Mötuneyti
er
heimilt
að
starfa
samkvæmt
gildandi
ákvæðum
um
fjöldatakmarkanir
og
nálægðarmarkanir.
</p>

<h3 class="article__title">
7.
gr.
<em class="article__name">Háskólar.</em>
</h3>

<p>
Í
öllum
byggingum
háskóla
er
skólastarf
heimilt
að
því
tilskildu
að
nemendur
og
starfsfólk
geti
haft
minnst
2
metra
fjarlægð
sín
á
milli
og
fjöldi
nemenda
og
starfsmanna
í
hverri
kennslustofu
fari
ekki
yfir
10
í
rými.
Blöndun
nemenda
milli
hópa
er
ekki
heimil
í
kennslu
en
starfsfólki
og
kennurum
er
heimilt
að
fara
á
milli
hópa.
</p>

<p>
Í
sameiginlegum
rýmum
skóla,
svo
sem
við
innganga,
í
anddyri,
á
salerni
og
göngum,
er
heimilt
að
víkja
frá
fjöldatakmörkun
og
reglu
um
blöndun
hópa
að
því
gefnu
að
notaðar
séu
andlitsgrímur.
Við
aðstæður
þar
sem
ekki
er
hægt
að
framfylgja
nálægðartakmörkun,
svo
sem
í
verklegri
kennslu,
listkennslu
og
klínísku
námi,
er
skólastarf
heimilt
að
gættum
sóttvörnum
og
með
því
skilyrði
að
nemendur
og
kennarar
noti
andlitsgrímu.
</p>

<p>
Aðrir
viðburðir
sem
ekki
teljast
til
kennslu
eða
náms
skulu
ekki
fara
fram
í
skólabyggingum.
Takmarka
skal
gestakomur
í
skólabyggingar.
</p>

<p>
Sameiginlegir
snertifletir
í
kennslustofum
skulu
sótthreinsaðir
milli
nemendahópa.
</p>

<p>
Í
háskólum
skal
sótthreinsa
sameiginlegan
búnað
og
snertifleti
a.m.k.
einu
sinni
á
dag
og
leggja
áherslu
á
einstaklingsbundnar
sóttvarnir.
</p>

<p>
Heimilt
er
að
halda
samkeppnispróf,
þýðingarmikil
lokapróf
og
staðbundnar
námslotur
fyrir
allt
að
30
einstaklinga
í
vel
loftræstum
rýmum,
að
uppfylltri
2
metra
nálægðartakmörkun
og
sóttvörnum
í
hvívetna.
</p>

<h3 class="article__title">
8.
gr.
<em class="article__name">Undanþágur.</em>
</h3>

<p>
Ráðherra
getur
veitt
undanþágu
frá
takmörkun
skólastarfs
ef
ekki
er
talin
hætta
á
að
slíkt
fari
gegn
markmiðum
opinberra
sóttvarnaráðstafana.
Ráðherra
getur
óskað
eftir
umsögnum
frá
sóttvarnalækni
og
ráðherra
sem
fer
með
mennta-
og
menningarmál
um
beiðni
um
undanþágu.
</p>

<h3 class="article__title">
9.
gr.
<em class="article__name">Gildistaka.</em>
</h3>

<p>
Reglugerð
þessi,
sem
sett
er
með
heimild
í
12.
gr.
sóttvarnalaga
nr.
19/1997,
tekur
gildi
eftir
því
sem
mælt
er
fyrir
um
í
2.
gr.
Frá
sama
tíma
fellur
úr
gildi
reglugerð
nr.
1060/2020,
um
takmörkun
á
skólastarfi
vegna
farsóttar,
með
síðari
breytingu.
</p>

<p class="Dags" align="center">
<em>Heilbrigðisráðuneytinu,
13.
nóvember
2020.</em>
</p>

<p class="FHUndirskr" align="center">
F.
h.
r.
</p>

<p align="center">
<strong>Ásta
Valdimarsdóttir.</strong>
</p>

<p align="right">
<em>Ásthildur
Knútsdóttir.</em>
</p>
