<h3 class="article__title">
1.
gr.
</h3>

<p>
Reglugerð
þessi
tekur
til
loðnuveiða
færeyskra
skipa
í
fiskveiðilandhelgi
Íslands,
á
tímabilinu
1.
janúar
2015
til
30.
apríl
2015.
Óheimilt
er
að
stunda
veiðar
með
öðrum
veiðarfærum
en
nót.
</p>

<blockquote>

<p>
Veiðarfæri,
sem
eru
annarrar
gerðar
en
leyfi
miðast
við,
skulu
geymd
í
sérstakri
veiðarfærageymslu.
Sé
flottroll
geymt
á
flottrollstromlu
skal
poki
trollsins
fjarlægður
</p>

</blockquote>

<p>
og
geymdur
sérstaklega
í
veiðarfærageymslu.
</p>

<blockquote>

<p>
asdfasfasfasfasfasfasdfasdfsad
</p>

</blockquote>

<h3 class="article__title">
2.
gr.
</h3>

<p>
Aðeins
þeim
skipum
sem
fengið
hafa
sérstakt
leyfi
frá
Fiskistofu
er
heimilt
að
stunda
loðnuveiðar
í
fiskveiðilandhelgi
Íslands.
Um
borð
í
veiðiskipi
skal
vera
leyfi
til
loðnuveiða
eða
afrit
af
því.
</p>

<ol type="A">

<li>
asdfasd
</li>

<li>
asdfasdf
</li>

</ol>

<p>
Skip,
sem
óska
eftir
leyfi
til
loðnuveiða
skulu
sækja
um
það
til
Fiskistofu.
Í
umsókninni
komi
fram
upplýsingar
um
nafn
skips,
skráningarnúmer,
kallmerki,
stærð
í
BT,
burðargetu
og
upplýsingar
um
fjarskiptatæki.
Skip
sem
afsala
sér
veiðileyfi
skulu
tilkynna
það
Fiskistofu
og
komi
sömu
upplýsingar
fram
og
í
umsókninni.
</p>

<h3 class="article__title">
3.
gr.
</h3>

<p>
Færeyskum
skipum
er
heimilt
að
veiða
samtals
13.000
lestir
af
loðnu
í
fiskveiðilandhelgi
Íslands.
</p>

<p>
Færeysk
skip
sem
stunda
veiðar
í
fiskveiðilandhelgi
Íslands
samkvæmt
reglugerð
þessari
skulu
hlíta
ákvæðum
laga
nr.
22/1998,
um
veiðar
og
vinnslu
erlendra
skipa
í
fiskveiðilandhelgi
Íslands,
með
síðari
breytingum,
nema
annað
sé
sérstaklega
ákveðið
í
reglugerð
þessari.
Þau
skulu
einnig
hlíta
sömu
reglum
og
eiga
við
um
íslensk
skip
við
sams
konar
veiðar,
m.a.
um
veiðibann,
friðunarsvæði
og
aðra
lokun
svæða.
</p>

<h3 class="article__title">
4.
gr.
</h3>

<p>
Færeyskum
skipum
er
heimilt
að
landa
afla
sínum
í
íslenskum
höfnum
og
gilda
um
vigtun
afla
sömu
reglur
og
gilda
fyrir
íslensk
skip.
Óheimilt
er
að
umskipa
afla
í
fiskveiðilandhelgi
Íslands.
</p>

<p>
Sé
loðna
kreist
vegna
hrogna
um
borð
í
skipi
skal
reikna
magn
afla
sem
samtölu
af
hrognum
og
afskurði.
</p>

<p>
Færeyskum
vinnsluskipum
er
heimilt
að
landa
3/4
hlutum
af
kvóta
sínum,
sbr.
3.
gr.,
til
manneldisvinnslu
utan
Íslands
eða
taka
til
manneldis.
Eftir
15.
febrúar
2015
skal
eigi
meira
en
1/3
hluti
af
kvóta
færeyskra
skipa
fara
til
manneldisvinnslu
utan
Íslands.
</p>

<h3 class="article__title">
5.
gr.
</h3>

<p>
Verði
aðgangur
færeyskra
skipa
að
fiskveiðilandhelgi
Íslands
takmarkaður,
vegna
nauðsynlegs
skipulags
á
veiðum,
er
óheimilt
að
hefja
veiðar
í
fiskveiðilandhelginni
nema
fyrir
liggi
staðfesting
frá
Landhelgisgæslu
Íslands
um
að
fjöldi
skipa
sé
innan
tilskilinna
marka.
</p>

<p>
Ef
fjöldi
skipa
er
takmarkaður
skv.
1.
mgr.
skulu
ekki
vera
fleiri
loðnuveiðiskip
í
fiskveiðilandhelgi
Íslands
hverju
sinni
en
þau
sem
hafa
hlotið
staðfestingu
frá
Landhelgisgæslunni,
sbr.
þó
12.
gr.
</p>

<h3 class="article__title">
6.
gr.
</h3>

<p>
Um
siglingu
skips,
á
leið
til
veiðisvæðis
áður
en
veiðar
í
fiskveiðilandhelgi
Íslands
hefjast
og
á
leið
út
úr
fiskveiðilandhelgi
Íslands,
gilda
ákvæði
reglugerðar
um
eftirlitsstaði
erlendra
skipa
vegna
veiða
og
siglinga
í
íslenskri
fiskveiðilögsögu
nr.
1133/2013,
þar
sem
fram
kemur
staðsetning
athugunarstaðanna.
</p>

<h3 class="article__title">
7.
gr.
</h3>

<p>
Skip
sem
leyfi
hafa
fengið
til
loðnuveiða
sbr.
2.
gr.
skulu
búin
fjarskiptabúnaði
sem
sendir
upplýsingar
um
staðsetningu,
stefnu
og
hraða
með
sjálfvirkum
hætti
á
klukkustundar
fresti
til
sameiginlegrar
eftirlitsstöðvar
Landhelgisgæslu
og
Fiskistofu
hér
eftir
nefnd
Eftirlitsstöðin.
</p>

<h3 class="article__title">
8.
gr.
</h3>

<p>
Tilkynna
skal
Eftirlitsstöðinni
siglingu
skipsins
inn
í
íslenska
lögsögu
og
komutíma
í
athugunarstað
með
minnst
2
klukkustunda
fyrirvara
og
mest
6
klukkustunda
fyrirvara.
</p>

<p>
Í
tilkynningunni
komi
eftirfarandi
upplýsingar
fram
í
þessari
röð:
</p>

<ul>

<li>
Orðið
"komutilkynning"
(COE
report).
</li>

<li>
Nafn
skips.
</li>

<li>
Kallmerki.
</li>

<li>
Dagsetning,
tími
og
staðsetning
í
breidd
og
lengd
þegar
tilkynning
er
send.
</li>

<li>
Heildarafli
um
borð,
í
tonnum.
</li>

<li>
Athugunarstaður
sem
siglt
verður
um
sbr.
6.
gr.
og
fyrirhugaður
komutími
á
staðinn.
</li>

</ul>

<p>
Haldi
skip
til
veiða
úr
íslenskri
höfn
skal
það
tilkynnt
Eftirlitsstöðinni
á
sama
hátt
og
greint
er
í
1.
mgr.
</p>

<h3 class="article__title">
9.
gr.
</h3>

<p>
Skip
sem
stundar
veiðar
í
fiskveiðilandhelgi
Íslands
skal
á
hverjum
degi
á
tímabilinu
frá
kl.
00.00
til
08.00
að
íslenskum
tíma,
senda
Eftirlitsstöðinni
tilkynningu
þar
sem
eftirfarandi
kemur
fram
í
þessari
röð:
</p>

<ul>

<li>
Orðið
"aflatilkynning"
(CAT
report).
</li>

<li>
Nafn
skips.
</li>

<li>
Kallmerki.
</li>

<li>
Dagsetning,
tími
og
staðsetning
í
breidd
og
lengd
þegar
tilkynning
er
send.
</li>

<li>
Heildarafli
um
borð,
í
tonnum.
</li>

<li>
Afli
síðasta
sólarhrings,
miðað
við
kl.
24.00,
eða
afli
frá
því
skipið
kom
inn
í
fiskveiðilandhelgi
Íslands
sé
um
skemmri
tíma
að
ræða.
</li>

</ul>

<h3 class="article__title">
10.
gr.
</h3>

<p>
Þegar
skip
lýkur
veiðum
í
fiskveiðilandhelgi
Íslands
skal
það
tilkynnt
Eftirlitsstöðinni.
Í
tilkynningunni
komi
eftirfarandi
upplýsingar
fram
í
þessari
röð:
</p>

<ul>

<li>
Orðið
"lokatilkynning"
(COX
report).
</li>

<li>
Nafn
skips.
</li>

<li>
Kallmerki.
</li>

<li>
Dagsetning,
tími
og
staðsetning
í
breidd
og
lengd
þegar
tilkynning
er
send.
</li>

<li>
Heildarafli
um
borð,
í
tonnum.
</li>

<li>
Afli
síðan
síðasta
aflatilkynning
var
send.
</li>

</ul>

<h3 class="article__title">
11.
gr.
</h3>

<p>
Áður
en
skip
heldur
út
úr
fiskveiðilandhelgi
Íslands
skal
senda
Eftirlitsstöðinni
tilkynningu
um
það
og
komutíma
í
athugunarstað
með
minnst
2
klukkustunda
fyrirvara
og
mest
6
klukkustunda
fyrirvara.
Í
tilkynningunni
komi
eftirfarandi
upplýsingar
fram
í
þessari
röð:
</p>

<ul>

<li>
Orðið
"athugunartilkynning"
(CON
report).
</li>

<li>
Nafn
skips.
</li>

<li>
Kallmerki.
</li>

<li>
Dagsetning,
tími
og
staðsetning
í
breidd
og
lengd,
þegar
tilkynning
er
send.
</li>

<li>
Heildarafli
um
borð,
í
tonnum.
</li>

<li>
Athugunarstaður
sem
siglt
verður
um,
sbr.
6.
gr.
og
fyrirhugaður
komutími
á
staðinn.
</li>

</ul>

<p>
Landi
skip
afla
sínum
í
íslenskri
höfn
skal
tilkynna
það
Eftirlitsstöðinni
á
sama
hátt
og
greint
er
frá
í
1.
mgr.
en
í
stað
athugunarstaðar
í
síðasta
lið
verði
greint
frá
löndunarhöfn.
</p>

<p>
Heimilt
er
að
senda
saman
tilkynningu
um
lok
veiða,
sbr.
10.
gr.
og
um
komu
á
athugunarstað.
Við
sendingu
slíkrar
tilkynningar
eiga
við
ákvæði
þessarar
greinar
að
öðru
leyti
en
því
að
í
stað
orðsins:
"athugunartilkynning"
(CON
report)
koma
orðin:
"loka-
og
athugunartilkynning"
(COX
og
CON
report).
</p>

<h3 class="article__title">
12.
gr.
</h3>

<p>
Þrátt
fyrir
ákvæði
5.
gr.
er
skipum
sem
ekki
hafa
staðfestingu
Landhelgisgæslunnar,
sbr.
3.
og
4.
mgr.
5.
gr.
heimil
óslitin
sigling
um
fiskveiðilandhelgina,
enda
tilkynni
þau
til
Landhelgisgæslunnar
um
komu
sína
í
fiskveiðilandhelgina,
eða
brottför
úr
íslenskri
höfn,
með
minnst
2
klukkustunda
fyrirvara
og
mest
6
klukkustunda
fyrirvara.
Í
tilkynningunni
komi
eftirfarandi
upplýsingar
fram
í
þessari
röð:
</p>

<ul>

<li>
Orðið
"In".
</li>

<li>
Nafn
skips.
</li>

<li>
Kallmerki.
</li>

<li>
Dagsetning,
tími
og
staðsetning
í
breidd
og
lengd,
þegar
tilkynning
er
send.
</li>

<li>
Heildarafli
um
borð,
í
tonnum.
</li>

<li>
Dagsetning,
tími
og
staðsetning
í
breidd
og
lengd,
þegar
sigling
út
úr
lögsögunni
er
áætluð.
</li>

</ul>

<p>
Á
12
klukkustunda
fresti
skal
síðan
senda
tilkynningu
um
staðsetningu
skipsins
til
Landhelgisgæslunnar.
Í
tilkynningunni
komi
eftirfarandi
upplýsingar
fram
í
þessari
röð:
</p>

<ul>

<li>
Orðið
"Staðsetningartilkynning"
(POS
report).
</li>

<li>
Nafn
skips.
</li>

<li>
Kallmerki.
</li>

<li>
Dagsetning,
tími,
stefna,
hraði
og
staðsetning
í
breidd
og
lengd,
þegar
tilkynning
er
send.
</li>

</ul>

<p>
Þegar
skip
siglir
út
úr
íslenskri
fiskveiðilandhelgi
skal
það
tilkynnt
til
Landhelgisgæslunnar.
Í
tilkynningunni
komi
eftirfarandi
upplýsingar
fram
í
þessari
röð:
</p>

<ul>

<li>
Orðið
"Out".
</li>

<li>
Nafn
skips.
</li>

<li>
Kallmerki.
</li>

<li>
Dagsetning,
tími
og
staðsetning
í
breidd
og
lengd,
þegar
tilkynning
er
send.
</li>

<li>
Dagsetning,
tími
og
staðsetning
í
breidd
og
lengd
þegar
skip
siglir
út
úr
lögsögunni.
</li>

</ul>

<h3 class="article__title">
13.
gr.
</h3>

<p>
Skipstjórum
færeyskra
loðnuskipa
ber
að
auðvelda
eins
og
unnt
er
eftirlit
Landhelgisgæslu
og
Fiskistofu
með
veiðum,
veiðarfærum
og
afla
um
borð
í
veiðiskipum.
Telji
eftirlitsaðilar
að
fullnægjandi
eftirlit
geti
ekki
farið
fram
á
sjó
er
hlutaðeigandi
skipstjórum
skylt
að
hlíta
fyrirmælum
um
að
halda
til
nálægrar
hafnar
þar
sem
athugun
getur
farið
fram.
</p>

<p>
Fiskistofu
er
heimilt
að
setja
eftirlitsmenn
um
borð
í
færeysk
loðnuveiðiskip.
Skal
útgerð
skipsins
sjá
eftirlitsmönnum
fyrir
fæði
og
aðstöðu
meðan
þeir
eru
um
borð
við
eftirlit
og
ennfremur
greiða
allan
kostað
af
veru
þeirra
um
borð
í
skipinu.
</p>

<p>
Sé
loðna
brædd
um
borð
í
skipi
skal
eftirlitsmaður
Fiskistofu
ávallt
vera
um
borð
og
skal
útgerð
greiða
allan
kostnað
vegna
veru
eftirlitsmanns
um
borð
í
skipi.
</p>

<p>
Fiskiskipum
sem
leyfi
hafa
fengið
skv.
2.
gr.
til
veiða
í
fiskveiðilandhelgi
Íslands,
er
skylt
að
halda
afladagbækur
um
veiðarnar.
Í
afladagbók,
sem
skal
vera
innbundin
með
númeruðum
síðum
og
í
tvíriti,
skal
skipstjóri
skrá
eftirfarandi
upplýsingar:
nafn
skips,
veiðisvæði,
veiðitíma
og
afla
í
hverju
togi
eða
kasti.
Staðfestar
aflatölur
hvers
mánaðar
og
afrit
af
afladagbókunum
skal
senda
Fiskistofu
eigi
síðar
en
14
dögum
eftir
hver
mánaðamót
eða
eftir
að
veiðum
skips
líkur.
</p>

<p>
Starfsmenn
Landhelgisgæslunnar
og
Veiðieftirlits
Fiskistofu
skulu
hafa
aðgang
að
eftirtöldum
gögnum
sé
þess
óskað:
</p>

<ul>

<li>
Afladagbók.
</li>

<li>
Skipsdagbók.
</li>

<li>
Mælibréfi.
</li>

<li>
Teikningum
af
skipi.
</li>

<li>
Veiðileyfi
frá
Fiskistofu
eða
afriti
af
því.
</li>

<li>
Upplýsingum
úr
siglingatölvum
og
staðsetningartækjum
skips.
</li>

<li>
Öðrum
gögnum
sem
skipt
geta
máli
við
rannsókn
meintra
fiskveiðibrota.
</li>

</ul>

<p>
Um
borð
í
hverju
skipi
skulu
vera
teikningar
af
lestum
þess
þar
sem
fram
kemur
heildarrúmmál
hverrar
lestar.
Þá
skulu
teikningar
eða
gögn
sýna
hvert
rúmmál
lestanna
er
miðað
við
10
sentimetra
millibil
frá
ákveðnum
og
merktum
viðmiðunarstað.
</p>

<h3 class="article__title">
14.
gr.
</h3>

<p>
Skipum
ber
að
fylgja
banni
ráðuneytisins
við
veiðum
vegna
verndunarsjónarmiða
og
skyndilokunum
Hafrannsóknastofnunar,
sbr.
8.-11.
gr.
laga
nr.
79/1997,
um
veiðar
í
fiskveiðilandhelgi
Íslands,
með
síðari
breytingum.
</p>

<h3 class="article__title">
15.
gr.
</h3>

<p>
Heimilt
er
að
veita
undanþágu
frá
ákvæðum
6.
gr.
og
8.-11.
gr.
hafi
aðilar
gert
samkomulag
þar
um.
</p>

<h3 class="article__title">
16.
gr.
</h3>

<p>
Tilkynningar
skv.
7.-11.
gr.
skal
senda
á
íslensku
eða
ensku,
og
skulu
tímasetningar
vera
miðaðar
við
íslenskan
tíma,
UTC.
</p>

<p>
Skip
sem
hafa
veiðileyfi
skv.
reglugerð
þessari
skulu
að
öðru
leyti
fylgja
ákvæðum
laga
nr.
22/1998,
um
veiðar
og
vinnslu
erlendra
skipa
í
fiskveiðilandhelgi
Íslands,
með
síðari
breytingum.
</p>

<h3 class="article__title">
17.
gr.
</h3>

<p>
Brot
á
reglugerð
þessari
varða
viðurlögum
samkvæmt
ákvæðum
laga
nr.
22/1998,
um
veiðar
og
vinnslu
erlendra
skipa
í
fiskveiðilandhelgi
Íslands,
með
síðari
breytingum.
Með
mál
út
af
brotum
skal
farið
að
hætti
sakamála.
</p>

<p>
Jafnframt
getur
Fiskistofa
svipt
skip
leyfi
til
loðnuveiða
innan
fiskveiðilandhelginnar
brjóti
útgerð
eða
áhöfn
skips
eða
aðrir
sem
í
þágu
útgerðar
starfa,
gegn
reglugerð
þessari.
</p>

<h3 class="article__title">
18.
gr.
</h3>

<p>
Reglugerð
þessi
er
sett
skv.
ákvæðum
laga
nr.
22/1998,
um
veiðar
og
vinnslu
erlendra
skipa
í
fiskveiðilandhelgi
Íslands,
með
síðari
breytingum.
Reglugerðin
öðlast
þegar
gildi.
</p>

<p class="Dags" align="center">
<em>Atvinnuvega-
og
nýsköpunarráðuneytinu,
8.
janúar
2015.</em>
</p>

<p class="FHUndirskr" align="center">
F.
h.
sjávarútvegs-
og
landbúnaðarráðherra,
</p>

<p align="center">
<strong>Jóhann
Guðmundsson.</strong>
</p>

<p align="right">
<em>Baldur
P.
Erlingsson.</em>
</p>
