<h2 class="chapter__title">
I.
KAFLI
<em class="chapter__name">Almenn
ákvæði.</em>
</h2>

<h3 class="article__title">
1.
gr.
<em class="article__name">Gildissvið.</em>
</h3>

<p>
Reglugerð
þessi
tekur
til
hlutdeildarlána
sem
Húsnæðis-
og
mannvirkjastofnun
veitir
þeim
sem
eru
að
kaupa
sína
fyrstu
íbúð
og
þeim
sem
ekki
hafa
átt
íbúðarhúsnæði
síðastliðin
fimm
ár
og
eru
undir
tilteknum
tekjumörkum
með
það
að
markmiði
að
brúa
eiginfjárkröfu
við
íbúðarkaup
fyrir
þá
sem
þess
þurfa
samkvæmt
VI.
kafla
A
í
lögum
um
húsnæðismál,
nr.
44/1998.
</p>

<h3 class="article__title">
2.
gr.
<em class="article__name">Framkvæmdaraðili.</em>
</h3>

<p>
Húsnæðis-
og
mannvirkjastofnun
annast
framkvæmd
hlutdeildarlána
samkvæmt
lögum
um
húsnæðismál
og
reglugerð
þessari.
</p>

<p>
Þegar
teknar
eru
ákvarðanir
um
réttindi
og
skyldur
samkvæmt
lögum
um
húsnæðismál
og
reglugerð
þessari
gilda
stjórnsýslulög,
nr.
37/1993.
</p>

<h2 class="chapter__title">
II.
KAFLI
<em class="chapter__name">Rafræn
málsmeðferð.</em>
</h2>

<h3 class="article__title">
3.
gr.
<em class="article__name">Rafræn
málsmeðferð.</em>
</h3>

<p>
Húsnæðis-
og
mannvirkjastofnun
skal
bjóða
umsækjendum
upp
á
rafræna
miðlun
upplýsinga
við
meðferð
máls
samkvæmt
lögum
um
húsnæðismál
og
reglugerð
þessari.
</p>

<p>
Um
rafræna
málsmeðferð
samkvæmt
lögum
um
húsnæðismál
og
reglugerð
þessari
gilda
að
öðru
leyti
ákvæði
stjórnsýslulaga,
sbr.
einkum
IX.
kafla
laganna.
</p>

<h3 class="article__title">
4.
gr.
<em class="article__name">Rafrænar
undirskriftir.</em>
</h3>

<p>
Umsækjendur
skulu
staðfesta
þær
upplýsingar
sem
fram
koma
í
umsókn
um
hlutdeildarlán
og
umboð
fyrir
því
að
Húsnæðis-
og
mannvirkjastofnun
afli
nauðsynlegra
upplýsinga
og
gagna
með
rafrænni
undirskrift
eða
rafrænni
auðkenningu,
eftir
því
sem
við
á,
eða
eiginhandarundirskrift.
</p>

<p>
Rafræn
undirskrift
og
rafræn
auðkenning
skv.
1.
mgr.,
sbr.
einnig
lög
um
rafræna
auðkenningu
og
traustþjónustu
fyrir
rafræn
viðskipti,
fer
fram
með
rafrænum
skilríkjum
og
er
þá
átt
við
vottorð
á
rafrænu
formi
sem
vistað
er
á
símkorti,
debetkorti,
sérstökum
einkaskilríkjum
eða
á
minnislykli,
er
tengir
sannprófunargögn
við
vottorðshafa
og
staðfestir
hver
hann
er.
</p>

<h2 class="chapter__title">
III.
KAFLI
<em class="chapter__name">Umsóknir
og
úthlutunarreglur.</em>
</h2>

<h3 class="article__title">
5.
gr.
<em class="article__name">Umsókn
um
hlutdeildarlán.</em>
</h3>

<p>
Umsækjandi
skal
sækja
um
hlutdeildarlán
til
Húsnæðis-
og
mannvirkjastofnunar.
Umsækjandi
skal
vera
18
ára
eða
eldri.
</p>

<p>
Umsókn
skal
vera
á
þar
til
gerðum
eyðublöðum
Húsnæðis-
og
mannvirkjastofnunar
á
rafrænu
formi
eða
á
pappír.
Umsóknareyðublöð
skulu
vera
aðgengileg
almenningi
á
vefsíðu
stofnunarinnar
og
á
þjónustuskrifstofum
hennar.
</p>

<p>
Rafrænar
umsóknir
skulu
berast
Húsnæðis-
og
mannvirkjastofnun
í
gegnum
vefgátt
á
vefsíðu
stofnunarinnar
en
umsóknir
á
pappír
skulu
berast
einhverri
af
þjónustuskrifstofum
stofnunarinnar.
</p>

<h3 class="article__title">
6.
gr.
<em class="article__name">Efni
umsókna.</em>
</h3>

<p>
Í
umsókn
um
hlutdeildarlán
skal
tilgreina:
</p>

<ol>

<li>
Nafn
og
kennitölu
umsækjanda.
</li>

<li>
Heimilisfang
umsækjanda.
</li>

<li>
Samþykkt
kauptilboð
vegna
íbúðarhúsnæðis
sem
sótt
er
um
hlutdeildarlán
til
kaupa
á,
ef
við
á,
annars
upplýsingar
um
á
hvaða
landsvæði
umsækjandi
hyggist
kaupa
íbúð.
</li>

<li>
Netfang
umsækjanda.
</li>

<li>
Fjölskyldustærð.
</li>

<li>
Sérstakar
þarfir
umsækjanda
eða
fjölskyldu,
ef
við
á.
</li>

<li>
Hvort
umsækjandi
óski
eftirleiðis
eftir
því
að
miðlun
upplýsinga
við
meðferð
málsins
verði
rafræn,
hafi
umsókn
verið
á
pappír.
</li>

<li>
Aðrar
þær
upplýsingar
sem
Húsnæðis-
og
mannvirkjastofnun
telur
þörf
á
til
að
unnt
sé
að
staðreyna
að
umsækjandi
uppfylli
skilyrði
hlutdeildarlána
og
tilgreindar
eru
á
umsóknareyðublaði.
</li>

</ol>

<h3 class="article__title">
7.
gr.
<em class="article__name">Fylgigögn
með
umsóknum.</em>
</h3>

<p>
Umsókn
um
hlutdeildarlán
skulu
fylgja
upplýsingar
og
gögn
til
staðfestingar
á
eigin
fé
umsækjanda
auk
greiðslumats
frá
þeirri
lánastofnun
sem
umsækjandi
hyggst
taka
lán
með
1.
veðrétti
hjá.
Liggi
slíkt
greiðslumat
ekki
fyrir
við
umsókn
um
hlutdeildarlán
skal
Húsnæðis-
og
mannvirkjastofnun
framkvæma
greiðslumat
á
umsækjanda
samhliða
umsókn
um
hlutdeildarlán.
Þá
skal
umsókn
fylgja
söluyfirlit
íbúðarhúsnæðis
sem
sótt
er
um
hlutdeildarlán
til
kaupa
á,
liggi
fyrir
samþykkt
kauptilboð
um
íbúðarhúsnæðið.
</p>

<p>
Húsnæðis-
og
mannvirkjastofnun
skal
afla
eftirfarandi
gagna
á
grundvelli
umboðs
til
upplýsingaöflunar,
sbr.
1.
mgr.
4.
gr.,
til
staðfestingar
á
að
umsækjandi
uppfylli
skilyrði
fyrir
veitingu
hlutdeildarláns:
</p>

<ol>

<li>
Afrit
af
síðasta
skattframtali
umsækjanda.
</li>

<li>
Afrit
af
staðgreiðsluskrá
ríkisskattstjóra
vegna
umsækjanda
síðastliðna
12
mánuði.
</li>

<li>
Staðfesting
á
að
umsækjandi
hafi
ekki
átt
íbúðarhúsnæði
síðastliðin
5
ár.
</li>

<li>
Önnur
þau
gögn
sem
Húsnæðis-
og
mannvirkjastofnun
telur
þörf
á
til
að
unnt
sé
að
staðreyna
að
umsækjandi
uppfylli
skilyrði
hlutdeildarlána
eða
undanþágur
frá
þeim
skilyrðum
sem
tilgreind
eru
á
umsóknareyðublaði.
</li>

</ol>

<h3 class="article__title">
8.
gr.
<em class="article__name">Meðferð
umsókna.</em>
</h3>

<p>
Umsókn
um
hlutdeildarlán
skal
tekin
til
efnislegrar
meðferðar
Húsnæðis-
og
mannvirkjastofnunar
þegar
allar
nauðsynlegar
upplýsingar
og
gögn
hafa
borist
frá
umsækjanda,
sbr.
6.
og
7.
gr.
Húsnæðis-
og
mannvirkjastofnun
skal
meta
hvort
umsækjandi
uppfylli
skilyrði
þess
að
fá
hlutdeildarlán.
Við
mat
á
því
skal
meðal
annars
horft
til
eigna
og
skulda
umsækjanda,
greiðslumats
frá
lánastofnun
og
aðstæðna
umsækjanda.
</p>

<p>
Berist
Húsnæðis-
og
mannvirkjastofnun
ekki
nauðsynlegar
upplýsingar
og
gögn
frá
umsækjanda
skal
stofnunin
upplýsa
umsækjanda
um
það
og
veita
honum
hæfilegan
frest
til
að
veita
þær
upplýsingar
og
gögn
sem
stofnunin
óskar
eftir.
</p>

<p>
Óski
Húsnæðis-
og
mannvirkjastofnun
eftir
frekari
upplýsingum
og
gögnum
frá
umsækjanda
til
að
staðreyna
að
hann
uppfylli
skilyrði
hlutdeildarlána
skal
umsækjandi
veita
slíkar
upplýsingar
innan
hæfilegs
frests
sem
stofnunin
ákveður.
</p>

<p>
Þegar
allar
nauðsynlegar
upplýsingar
og
gögn
hafa
borist
Húsnæðis-
og
mannvirkjastofnun
fer
með
umsókn
skv.
9.
gr.
</p>

<p>
Hafi
nauðsynlegar
upplýsingar
og
gögn
frá
umsækjanda
ekki
borist
Húsnæðis-
og
mannvirkjastofnun
innan
45
daga
frá
þeim
degi
sem
umsóknin
barst
stofnuninni
er
henni
heimilt
að
vísa
umsókninni
frá,
enda
hafi
umsækjanda
verið
veitt
tækifæri
til
að
bæta
úr
skorti
á
upplýsingum
eða
gögnum
en
hann
ekki
orðið
við
þeirri
beiðni
innan
veitts
frests.
</p>

<h3 class="article__title">
9.
gr.
<em class="article__name">Úthlutun
hlutdeildarlána.</em>
</h3>

<p>
Húsnæðis-
og
mannvirkjastofnun
skal
úthluta
hlutdeildarlánum
sex
sinnum
á
ári.
Miða
skal
við
að
þrjár
úthlutanir
fari
fram
á
tímabilinu
1.
janúar
til
30.
júní
og
þrjár
úthlutanir
á
tímabilinu
1.
júlí
til
31.
desember
ár
hvert.
Húsnæðis-
og
mannvirkjastofnun
skal
auglýsa
umsóknarfrest,
s.s.
á
vefsíðu
stofnunarinnar
fyrir
hverja
úthlutun.
</p>

<p>
Dugi
fjármagn
sem
til
úthlutunar
er
hverju
sinni
ekki
til
að
anna
eftirspurn
eftir
lánunum
skal
dregið
af
handahófi
úr
umsóknum
þeirra
umsækjenda
sem
uppfylla
skilyrði
hlutdeildarlána
og
hljóta
þeir
þá
hlutdeildarlán
eða
lánsvilyrði
eftir
því
hvort
staðfest
kauptilboð
liggur
fyrir
eða
ekki.
Umsækjendur
með
samþykkt
kauptilboð
um
íbúðarhúsnæði
njóta
forgangs
að
hlutdeildarlánum
umfram
þá
sem
ekki
hafa
samþykkt
kauptilboð.
Enn
fremur
skal
miða
við
að
ár
hvert
úthluti
stofnunin
að
minnsta
kosti
20%
hlutdeildarlána
til
kaupa
á
íbúðum
utan
höfuðborgarsvæðisins.
Skulu
umsóknir
flokkaðar
í
eftirfarandi
flokka:
</p>

<ol>

<li>
Umsóknir
utan
höfuðborgarsvæðis
þar
sem
umsækjandi
er
með
samþykkt
kauptilboð.
</li>

<li>
Umsóknir
á
höfuðborgarsvæði
með
samþykkt
kauptilboð.
</li>

<li>
Umsóknir
utan
höfuðborgarsvæðis
án
samþykkts
kauptilboðs.
</li>

<li>
Umsóknir
á
höfuðborgarsvæði
án
samþykkts
kauptilboðs.
</li>

</ol>

<p>
Fyrst
skal
úthluta
til
flokks
1
að
lágmarki
20%
þeirra
hlutdeildarlána
sem
til
úthlutunar
eru
hverju
sinni
en
þó
að
hámarki
þeim
fjölda
sem
samsvarar
hlutfalli
umsókna
til
kaupa
á
íbúðum
utan
höfuðborgarsvæðisins
af
heildarfjölda
umsókna
sem
uppfylla
skilyrði
hlutdeildarlána
í
viðkomandi
úthlutun,
nema
slíkt
sé
nauðsynlegt
til
að
uppfylla
ákvæði
3.
málsl.
2.
mgr.
Því
næst
skal
hlutdeildarlánum
úthlutað
til
flokks
2.
Sé
fjármagn
enn
fyrir
hendi
til
úthlutunar
að
því
búnu,
skal
næst
úthlutað
til
flokks
3
en
þó
þannig
að
heildarfjöldi
hlutdeildarlána
samkvæmt
flokkum
1
og
3
samsvari
að
hámarki
hlutfalli
umsókna
vegna
íbúða
utan
höfuðborgarsvæðisins
af
heildarfjölda
umsókna
sem
uppfylla
skilyrði
hlutdeildarlána
í
viðkomandi
úthlutun,
nema
slíkt
sé
nauðsynlegt
til
að
uppfylla
ákvæði
3.
málsl.
2.
mgr.
Nemi
eftirspurn
eftir
hlutdeildarlánum
til
kaupa
á
íbúðum
utan
höfuðborgarsvæðisins
ekki
20%
af
þeim
hlutdeildarlánum
sem
til
ráðstöfunar
eru
hverju
sinni
skal
þeim
ráðstafað
til
flokks
2
og,
eftir
atvikum,
flokks
4.
Sé
eftirspurn
eftir
hlutdeildarlánum
innan
tiltekins
flokks
umfram
fjölda
þeirra
hlutdeildarlána
sem
til
úthlutunar
eru
til
hans
skal
dregið
af
handahófi
úr
viðkomandi
umsóknum
þeirra
umsækjenda
sem
uppfylla
skilyrði
hlutdeildarlána
í
viðkomandi
flokki.
</p>

<h2 class="chapter__title">
IV.
KAFLI
<em class="chapter__name">Skilyrði
hlutdeildarlána.</em>
</h2>

<h3 class="article__title">
10.
gr.
<em class="article__name">Tekju-
og
eignamörk.</em>
</h3>

<p>
Hlutdeildarlán
til
umsækjenda
með
tekjur
undir
7.560.000
kr.
á
ári
miðað
við
einstakling
eða
10.560.000
kr.
á
ári
samanlagt
fyrir
hjón
eða
sambúðarfólk
miðað
við
síðastliðna
12
mánuði
getur
numið
allt
að
20%
kaupverðs.
Við
þær
tekjur
bætast
1.560.000
kr.
fyrir
hvert
barn
eða
ungmenni
að
20
ára
aldri
sem
er
á
framfæri
umsækjanda
eða
býr
á
heimilinu.
</p>

<p>
Þó
er
heimilt
að
veita
allt
að
30%
hlutdeildarlán
til
einstaklinga
með
lægri
tekjur
en
5.018.000
kr.
á
ári
eða
til
hjóna
eða
sambúðarfólks
með
samanlagt
lægri
tekjur
en
7.020.000
kr.
á
ári
miðað
við
síðastliðna
12
mánuði.
Við
þær
tekjur
bætast
1.560.000
kr.
fyrir
hvert
barn
eða
ungmenni
að
20
ára
aldri
sem
er
á
framfæri
umsækjanda
eða
býr
á
heimilinu.
</p>

<p>
Með
tekjum
er
átt
við
allar
tekjur
skv.
II.
kafla
laga
um
tekjuskatt
að
teknu
tilliti
til
frádráttar
skv.
1.,
3.,
4.
og
5.
tölul.
A-liðar
1.
mgr.
og
2.
mgr.
30.
gr.
og
frádráttar
skv.
31.
gr.
sömu
laga.
</p>

<h3 class="article__title">
11.
gr.
<em class="article__name">Önnur
almenn
skilyrði
hlutdeildarlána.</em>
</h3>

<p>
Til
þess
að
geta
fengið
hlutdeildarlán
þarf
umsækjandi,
auk
þess
að
vera
undir
tekjumörkum
10.
gr.,
að
uppfylla
eftirfarandi
skilyrði:
</p>

<ol>

<li>
Umsækjandi
skal
sýna
fram
á
að
hann
geti
ekki
fjármagnað
kaup
á
íbúðarhúsnæði
nema
með
hlutdeildarláni.
</li>

<li>
Umsækjandi
má
hvorki
eiga
annað
íbúðarhúsnæði
né
hafa
átt
íbúðarhúsnæði
síðastliðin
fimm
ár.
</li>

<li>
Umsækjandi
þarf
að
leggja
fram
eigið
fé
sem
nemur
að
lágmarki
5%
kaupverðs.
Með
eigin
fé
er
átt
við
þá
fjárhæð
sem
eftir
verður
þegar
skuldir
hafa
verið
dregnar
frá
eignum
umsækjanda.
Eigi
umsækjandi
meira
en
5%
eigið
fé
kemur
það
sem
umfram
er
til
lækkunar
hlutdeildarláni,
sbr.
þó
3.
mgr.
16.
gr.
</li>

<li>
Umsækjandi
þarf
að
standast
greiðslumat
vegna
lánsfjármögnunar
sem
nemur
mismun
á
eigin
fé
og
hlutdeildarláni
annars
vegar
og
kaupverði
íbúðarinnar
hins
vegar.
</li>

<li>
Meðalafborganir
fasteignaláns
skv.
4.
tölul.
mega
ekki
nema
meira
en
40%
ráðstöfunartekna
umsækjanda.
Með
ráðstöfunartekjum
er
átt
við
brúttótekjur
að
frádregnum
tekjuskatti,
fjármagnstekjuskatti,
skyldugreiðslum
launamanna,
sjálfstætt
starfandi
og
atvinnulausra,
ef
við
á,
til
félagslegra
trygginga
svo
og
framlög
vinnuveitenda
til
félagslegra
trygginga.
</li>

<li>
Lán
sem
kemur
á
undan
hlutdeildarláni
í
veðröð
skal
að
jafnaði
ekki
vera
til
lengri
tíma
en
25
ára.
</li>

</ol>

<h3 class="article__title">
12.
gr.
<em class="article__name">Íbúðir
sem
keyptar
verða
með
hlutdeildarláni.</em>
</h3>

<p>
Aðeins
er
lánað
til
kaupa
á
nýjum
íbúðum
sem
hafa
verið
samþykktar
af
Húsnæðis-
og
mannvirkjastofnun
sem
hagkvæmar
íbúðir
á
grundvelli
samnings
byggingaraðilans
við
stofnunina.
Með
nýjum
íbúðum
er
átt
við
íbúðir
sem
ekki
hafa
verið
nýttar
til
íbúðar
áður.
</p>

<p>
Þrátt
fyrir
skilyrði
1.
mgr.
er
heimilt
að
veita
hlutdeildarlán
til
kaupa
á
hagkvæmum
eldri
íbúðum
utan
höfuðborgarsvæðisins
í
húsnæði
sem
hlotið
hefur
gagngerar
endurbætur,
enda
sé
ástand
íbúðar
þannig
að
jafna
megi
til
ástands
nýrrar
íbúðar.
Seljandi
íbúðar
skal
óska
eftir
staðfestingu
Húsnæðis-
og
mannvirkjastofnunar
um
að
íbúðin
uppfylli
skilyrði
þessarar
málsgreinar
áður
en
hún
er
sett
á
sölu.
Að
þeirri
staðfestingu
fenginni
skal
seljandi
nota
markaðsefni
hlutdeildarlána
við
sölu
íbúðarinnar.
Húsnæðis-
og
mannvirkjastofnun
skal
innheimta
gjald
vegna
ástandsskoðunar
íbúðar
og
mati
á
endurbótum
sem
greiðist
af
seljanda.
</p>

<p>
Með
hagkvæmum
íbúðum
er
átt
við
íbúðir
sem
uppfylla
stærðar-
og
verðmörk
og
önnur
skilyrði
samkvæmt
reglugerð
þessari.
Húsnæðis-
og
mannvirkjastofnun
metur
hvort
íbúð
uppfylli
skilyrði
um
hagkvæmni
og
ástand.
</p>

<h3 class="article__title">
13.
gr.
<em class="article__name">Hagkvæmni,
gæði
og
ástand
íbúðar.</em>
</h3>

<p>
Byggingaraðili
skal
sjá
til
þess
að
íbúðir
séu
svo
hagkvæmar
sem
frekast
er
kostur
í
því
skyni
að
unnt
verði
að
selja
þær
á
viðráðanlegu
verði
fyrir
þá
sem
hyggjast
festa
kaup
á
íbúðum
með
hlutdeildarláni
og
að
rekstur
íbúða
verði
hagkvæmur
m.t.t.
orku-
og
viðhaldsþarfar.
</p>

<p>
Stærðir
íbúða
skulu
miðaðar
við
fjölskyldustærðir
kaupenda,
sbr.
14.
gr.,
og
skulu
íbúðir
útbúnar
og
innréttaðar
í
samræmi
við
kröfur
samtímans
og
þess
gætt
að
sameiginleg
rými
henti
fjölskyldustærð.
Tekið
skal
mið
af
nýtingarþörfum
íbúa
til
framtíðar
litið
eftir
því
sem
við
á.
</p>

<p>
Íbúðir
skulu
vera
fullkláraðar
og
búnar
nauðsynlegu
fylgifé
fasteigna
sem
og
nauðsynlegri
sameign.
Lóð
skal
hönnuð
með
þarfir
íbúa
að
leiðarljósi.
</p>

<p>
Leitast
skal
við
að
hafa
íbúðir
staðsettar
í
nálægð
við
góðar
almenningssamgöngur,
græn
svæði
til
útivistar
og
nauðsynlega
þjónustu
og
stuðla
að
félagslegri
blöndun.
Jafnframt
skal
leitast
við
að
draga
eins
og
unnt
er
úr
kolefnisspori
íbúða
og
stuðla
að
nýsköpun
í
mannvirkjagerð
við
uppbyggingu
hagkvæmra
íbúða.
</p>

<p>
Um
fyrirkomulag
og
ástand
íbúða
fer
að
öðru
leyti
samkvæmt
ákvæðum
byggingarreglugerðar,
þar
á
meðal
ákvæði
um
algilda
hönnun.
</p>

<p>
Heimilt
er
að
samþykkja
lánveitingu
þótt
íbúð
sé
ekki
tilbúin
til
afhendingar
enda
liggi
fyrir
undirritaður
kaupsamningur
um
íbúðina
og
að
íbúðin
verði
tilbúin
til
afhendingar
innan
sex
mánaða
frá
undirritun
kaupsamnings.
</p>

<h3 class="article__title">
14.
gr.
<em class="article__name">Hámarksverð
og
stærðir
íbúða.</em>
</h3>

<p>
Umsækjanda
er
heimilt
að
festa
kaup
á
íbúðarhúsnæði
með
einu
auka
svefnherbergi
umfram
þarfir
fjölskyldunnar
á
umsóknardegi
miðað
við
fjölskyldustærð.
Þó
er
heimilt
að
víkja
frá
viðmiði
1.
málsl.
vegna
sérstakra
aðstæðna
umsækjanda
eða
fjölskyldu
hans,
s.s.
þegar
þörf
er
á
auka
herbergi
vegna
aðstoðarfólks
vegna
fötlunar.
Við
mat
á
fjölskyldustærð
skal,
auk
umsækjanda,
líta
til
fjölda
barna
eða
ungmenna
undir
20
ára
aldri
sem
er
á
framfæri
umsækjanda
eða
býr
á
heimilinu.
</p>

<p>
Hámarksverð
hagkvæmra
íbúða
skal
miðast
við
bæði
fermetrafjölda
íbúðar
og
herbergjafjölda
hennar
þannig
að
bæði
skilyrði
þar
að
lútandi
séu
uppfyllt
innan
viðkomandi
verðflokks
og
er
sem
hér
segir:
</p>

<ol>

<li>

<p>
Á
höfuðborgarsvæðinu,
þ.e.
í
Garðabæ,
Hafnarfjarðarkaupstað,
Kópavogsbæ,
Mosfellsbæ,
Reykjavíkurborg
og
Seltjarnarnesbæ:
</p>

<table>

<tbody>

<tr>

<td>
<em>Herbergjafjöldi</em>
</td>

<td>
<em>Fermetrar</em>
</td>

<td>
<em>Hámarksverð</em>
</td>

</tr>

<tr>

<td>
Að
lágmarki
stúdíóíbúð
</td>

<td>
Að
lágmarki
30
m²
</td>

<td>
27.500.000
kr.
</td>

</tr>

<tr>

<td>
Að
lágmarki
stúdíóíbúð
</td>

<td>
Að
lágmarki
40
m²
</td>

<td>
32.000.000
kr.
</td>

</tr>

<tr>

<td>
Að
lágmarki
1
svefnherbergi
</td>

<td>
Að
lágmarki
50
m²
</td>

<td>
36.500.000
kr.
</td>

</tr>

<tr>

<td>
Að
lágmarki
1
svefnherbergi
</td>

<td>
Að
lágmarki
60
m²
</td>

<td>
41.000.000
kr.
</td>

</tr>

<tr>

<td>
Að
lágmarki
2
svefnherbergi
</td>

<td>
Að
lágmarki
70
m²
</td>

<td>
46.000.000
kr.
</td>

</tr>

<tr>

<td>
Að
lágmarki
2
svefnherbergi
</td>

<td>
Að
lágmarki
80
m²
</td>

<td>
49.500.000
kr.
</td>

</tr>

<tr>

<td>
Að
lágmarki
3
svefnherbergi
</td>

<td>
Að
lágmarki
90
m²
</td>

<td>
54.000.000
kr.
</td>

</tr>

<tr>

<td>
Að
lágmarki
4
svefnherbergi
</td>

<td>
Að
lágmarki
100
m²
</td>

<td>
58.500.000
kr.
</td>

</tr>

</tbody>

</table>

</li>

</ol>

<ol>

<li value="2">

<p>
Á
vaxtarsvæðum
utan
höfuðborgarsvæðisins,
þ.e.
í
Akraneskaupstað,
Akureyrarbæ,
Grindavíkurbæ,
Hveragerðisbæ,
Reykjanesbæ,
Suðurnesjabæ,
Sveitarfélaginu
Árborg,
Sveitarfélaginu
Vogum
og
Sveitarfélaginu
Ölfusi:
</p>

<table>

<tbody>

<tr>

<td>
<em>Herbergjafjöldi</em>
</td>

<td>
<em>Fermetrar</em>
</td>

<td>
<em>Hámarksverð</em>
</td>

</tr>

<tr>

<td>
Að
lágmarki
stúdíóíbúð
</td>

<td>
Að
lágmarki
30
m²
</td>

<td>
24.500.000
kr.
</td>

</tr>

<tr>

<td>
Að
lágmarki
stúdíóíbúð
</td>

<td>
Að
lágmarki
40
m²
</td>

<td>
28.500.000
kr.
</td>

</tr>

<tr>

<td>
Að
lágmarki
1
svefnherbergi
</td>

<td>
Að
lágmarki
50
m²
</td>

<td>
32.500.000
kr.
</td>

</tr>

<tr>

<td>
Að
lágmarki
1
svefnherbergi
</td>

<td>
Að
lágmarki
60
m²
</td>

<td>
36.500.000
kr.
</td>

</tr>

<tr>

<td>
Að
lágmarki
2
svefnherbergi
</td>

<td>
Að
lágmarki
70
m²
</td>

<td>
40.500.000
kr.
</td>

</tr>

<tr>

<td>
Að
lágmarki
2
svefnherbergi
</td>

<td>
Að
lágmarki
80
m²
</td>

<td>
44.000.000
kr.
</td>

</tr>

<tr>

<td>
Að
lágmarki
3
svefnherbergi
</td>

<td>
Að
lágmarki
90
m²
</td>

<td>
48.000.000
kr.
</td>

</tr>

<tr>

<td>
Að
lágmarki
4
svefnherbergi
</td>

<td>
Að
lágmarki
100
m²
</td>

<td>
52.000.000
kr.
</td>

</tr>

</tbody>

</table>

</li>

</ol>

<ol>

<li value="3">

<p>
Á
landsbyggðinni
utan
vaxtarsvæða:
</p>

<table>

<tbody>

<tr>

<td>
<em>Herbergjafjöldi</em>
</td>

<td>
<em>Fermetrar</em>
</td>

<td>
<em>Hámarksverð</em>
</td>

</tr>

<tr>

<td>
Að
lágmarki
stúdíóíbúð
</td>

<td>
Að
lágmarki
30
m²
</td>

<td>
23.000.000
kr.
</td>

</tr>

<tr>

<td>
Að
lágmarki
stúdíóíbúð
</td>

<td>
Að
lágmarki
40
m²
</td>

<td>
26.500.000
kr.
</td>

</tr>

<tr>

<td>
Að
lágmarki
1
svefnherbergi
</td>

<td>
Að
lágmarki
50
m²
</td>

<td>
30.500.000
kr.
</td>

</tr>

<tr>

<td>
Að
lágmarki
1
svefnherbergi
</td>

<td>
Að
lágmarki
60
m²
</td>

<td>
34.500.000
kr.
</td>

</tr>

<tr>

<td>
Að
lágmarki
2
svefnherbergi
</td>

<td>
Að
lágmarki
70
m²
</td>

<td>
38.000.000
kr.
</td>

</tr>

<tr>

<td>
Að
lágmarki
2
svefnherbergi
</td>

<td>
Að
lágmarki
80
m²
</td>

<td>
41.000.000
kr.
</td>

</tr>

<tr>

<td>
Að
lágmarki
3
svefnherbergi
</td>

<td>
Að
lágmarki
90
m²
</td>

<td>
45.000.000
kr.
</td>

</tr>

<tr>

<td>
Að
lágmarki
4
svefnherbergi
</td>

<td>
Að
lágmarki
100
m²
</td>

<td>
48.500.000
kr.
</td>

</tr>

</tbody>

</table>

</li>

</ol>

<p>
Ráðherra
skal
endurskoða
hámarksverð
skv.
2.
mgr.
ár
hvert.
</p>

<h3 class="article__title">
15.
gr.
<em class="article__name">Mat
á
getu
til
að
fjármagna
íbúðarkaup
án
hlutdeildarláns.</em>
</h3>

<p>
Við
mat
á
því
hvort
umsækjandi
uppfylli
skilyrði
1.
tölul.
11.
gr.
um
að
hann
skuli
sýna
fram
á
að
hann
geti
ekki
fjármagnað
kaup
á
íbúðarhúsnæði
nema
með
hlutdeildarláni
skal
Húsnæðis-
og
mannvirkjastofnun
framkvæma
einstaklingsbundið
heildarmat
á
aðstæðum
umsækjanda
hverju
sinni
á
grundvelli
þeirra
upplýsinga
og
gagna
sem
tilgreind
eru
í
6.
og
7.
gr.
Umsækjandi
skal
þannig
sýna
fram
á
m.t.t.
tekna
og
eigna
sem
og
ráðstöfunartekna
hans
og
framfærslubyrði
að
hann
eigi
hvorki
nægilegt
eigið
fé
til
kaupa
á
íbúð,
að
teknu
tilliti
til
til
lánshlutfalls
sem
lánastofnanir
miða
við
við
lánveitingu
til
fasteignakaupa,
né
sé
sennilegt
að
hann
verði
fær
um
að
leggja
fyrir
slíka
fjárhæð
í
fyrirsjáanlegri
framtíð
með
tilliti
til
skulda,
eigna
og
fjárhagslegra
og
félagslegra
aðstæðna
hans
að
öðru
leyti.
</p>

<h3 class="article__title">
16.
gr.
<em class="article__name">Undanþágur
frá
almennum
skilyrðum
hlutdeildarlána.</em>
</h3>

<p>
Þrátt
fyrir
skilyrði
1.
mgr.
10.
gr.
um
að
umsækjandi
sé
undir
ákveðnum
tekjumörkum
er
heimilt
að
veita
umsækjanda
hlutdeildarlán
vegna
óvenjuhárrar
framfærslubyrði
vegna
sérstakra
aðstæðna
hans,
svo
sem
þegar
mörg
börn
eru
á
framfæri
umsækjanda
eða
vegna
veikinda
eða
fötlunar
umsækjanda
eða
fjölskyldumeðlima
hans
sem
hafa
haft
mikinn
kostnað
í
för
með
sér,
sem
hefur
valdið
því
að
hann
hefur
ekki
getað
safnað
nægu
eigin
fé
til
kaupa
á
íbúðarhúsnæði.
</p>

<p>
Þrátt
fyrir
skilyrði
2.
tölul.
11.
gr.
um
að
umsækjandi
megi
hvorki
eiga
annað
íbúðarhúsnæði
né
hafa
átt
íbúðarhúsnæði
síðastliðin
fimm
ár
er
heimilt
að
veita
umsækjanda
hlutdeildarlán
þó
hann
hafi
verið
skráður
eigandi
fasteignar
á
síðastliðnum
fimm
árum
hafi
hann
eignast
lítinn
eignarhlut
í
íbúð
í
arf.
Skal
þá
miðað
við
að
andvirði
eignarhlutarins
nægi
ekki
eða
hafi
ekki
nægt
til
að
brúa
eiginfjárkröfu
við
íbúðarkaup
nema
umsækjandi
sýni
fram
á
að
vandkvæðum
sé
bundið
að
selja
eignarhlutann
og
að
hann
geti
ekki
nýtt
fasteignina
til
eigin
búsetu.
</p>

<p>
Þrátt
fyrir
skilyrði
3.
tölul.
11.
gr.
um
að
eigi
umsækjandi
meira
en
5%
eigið
fé
komi
það
sem
umfram
er
til
lækkunar
á
hlutdeildarláni
er
umsækjanda
heimilt
að
halda
eftir:
</p>

<ol type="a">

<li>
lausafjármunum
sem
undanskildir
eru
fjárnámi
skv.
43.
gr.
laga
um
aðför,
</li>

<li>
hóflegri
bifreið,
</li>

<li>
sérútbúinni
bifreið
sem
er
nauðsynleg
vegna
fötlunar
eða
sjúkdóms,
</li>

<li>
fjármunum
sem
nauðsynlegir
eru
til
að
laga
íbúð
að
sérstökum
þörfum
vegna
fötlunar
eða
sjúkdóms
umsækjanda
eða
annarra
heimilismanna,
</li>

<li>
skaðabótum
og
vátryggingabótum
fyrir
líkamstjón,
</li>

<li>
allt
að
1,5%
af
kaupverði
íbúðarinnar
til
annarra
ráðstafana,
svo
sem
til
að
mæta
óvæntum
útgjöldum,
</li>

<li>
allt
að
20%
hlut
í
íbúð
sem
hann
hefur
eignast
fyrir
arf
eða
á
annan
hátt,
enda
sé
sýnt
fram
á
að
vandkvæðum
sé
bundið
að
selja
eignarhlutann.
</li>

</ol>

<p>
Þrátt
fyrir
skilyrði
6.
tölul.
11.
gr.
um
að
lán
sem
komi
á
undan
hlutdeildarláni
í
veðröð
skuli
að
jafnaði
ekki
vera
til
lengri
tíma
en
25
ára
er
heimilt
að
veita
hlutdeildarlán
með
lengri
lánstíma
enda
taki
umsækjandi
óverðtryggt
lán
og
fái
ráðgjöf
Húsnæðis-
og
mannvirkjastofnunar
þar
að
lútandi,
svo
sem
um
áhrif
lánslengdar
á
eiginfjármyndun
í
íbúðarhúsnæðinu.
</p>

<h2 class="chapter__title">
V.
KAFLI
<em class="chapter__name">Lánsvilyrði,
lánakjör
og
útgreiðsla
lána.</em>
</h2>

<h3 class="article__title">
17.
gr.
<em class="article__name">Lánsvilyrði.</em>
</h3>

<p>
Ef
sótt
hefur
verið
um
hlutdeildarlán
án
þess
að
fyrir
liggi
samþykkt
kauptilboð
í
íbúð
veitir
Húsnæðis-
og
mannvirkjastofnun
umsækjanda
lánsvilyrði
fyrir
láni
að
tiltekinni
fjárhæð
vegna
kaupa
á
íbúð
upp
að
ákveðinni
stærð.
Lánsvilyrðið
gildir
í
þrjá
mánuði
frá
útgáfudegi.
Hafi
umsækjandi
ekki
skilað
inn
samþykktu
kauptilboði
innan
gildistíma
lánsvilyrðisins
fellur
það
úr
gildi.
Ekki
er
heimilt
að
framlengja
lánsvilyrði.
</p>

<h3 class="article__title">
18.
gr.
<em class="article__name">Lánakjör.</em>
</h3>

<p>
Hlutdeildarlán
er
veitt
í
formi
skuldabréfs
sem
kaupandi
íbúðarhúsnæðis
gefur
út
til
Húsnæðis-
og
mannvirkjastofnunar
með
veði
í
íbúðinni.
</p>

<p>
Hlutdeildarlán
skulu
tryggð
á
öðrum
veðrétti
eða
á
næsta
veðrétti
í
óslitinni
veðröð
á
eftir
fasteignaláni
eða
fasteignalánum
sem
tekin
eru
til
kaupa
á
húsnæðinu
samkvæmt
lögum
um
fasteignalán
til
neytenda
og
bera
hvorki
vexti
né
afborganir.
Lánstími
er
10
ár
frá
útgáfudegi
skuldabréfs.
Þó
er
heimilt
að
framlengja
lánstímann
um
fimm
ár
í
senn,
að
undangenginni
ráðgjöf
Húsnæðis-
og
mannvirkjastofnunar
um
endurfjármögnunarmöguleika
og
framlengingu
lánsins
áður
en
lánstíma
lýkur,
þó
þannig
að
lánstími
verði
ekki
lengri
en
25
ár
samtals.
Húsnæðis-
og
mannvirkjastofnun
skal
meta
stöðu
umsækjanda
og
leiðbeina
honum
um
endurfjármögnunarmöguleika
sína
áður
en
sótt
er
um
framlengingu
lánstíma.
</p>

<p>
Óheimilt
er
að
flytja
hlutdeildarlán
yfir
á
aðra
fasteign.
</p>

<p>
Óheimilt
er
að
endurfjármagna
þau
lán
sem
tekin
voru
til
kaupa
á
íbúðarhúsnæðinu
þannig
að
veðhlutfall
hækki
nema
hlutdeildarlánið
sé
samtímis
endurgreitt
að
fullu.
Miða
skal
við
veðhlutfall
eins
og
það
er
þegar
lán
til
endurfjármögnunar
er
tekið.
</p>

<p>
Við
eigendaskipti
að
íbúð
skal
greiða
upp
hlutdeildarlánið.
Þó
er
ekki
skylt
að
greiða
upp
hlutdeildarlán
við
sölu
eignarhluta
í
íbúð
milli
hjóna
eða
sambúðarfólks
við
skilnað
eða
sambúðarslit
enda
yfirtaki
sá
einstaklingur
sem
kaupir
hlut
hins
jafnframt
hans
hluta
hlutdeildarlánsins.
</p>

<h3 class="article__title">
19.
gr.
<em class="article__name">Útgreiðsla
lána.</em>
</h3>

<p>
Heimilt
er
að
greiða
út
hlutdeildarlán
þegar
skuldabréfi
skv.
18.
gr.
hefur
verið
þinglýst
án
athugasemda
á
íbúðina
sem
lánið
var
veitt
til
kaupa
á
auk
þess
sem
þinglýstur
kaupsamningur
um
íbúðina
skal
liggja
fyrir
ásamt
staðfestingu
á
framkvæmdalokum
í
formi
vottorðs
um
öryggisúttekt
byggingarfulltrúa
skv.
35.
gr.
laga
um
mannvirki.
</p>

<h2 class="chapter__title">
VI.
KAFLI
<em class="chapter__name">Endurgreiðsla
hlutdeildarlána.</em>
</h2>

<h3 class="article__title">
20.
gr.
<em class="article__name">Endurgreiðsla
hlutdeildarlána.</em>
</h3>

<p>
Hlutdeildarlán
skal
endurgreitt
við
sölu
fasteignar
eða
að
10
árum
liðnum.
Þó
er
heimilt
að
sækja
um
framlengingu
lánstíma
í
fimm
ár
í
senn,
sbr.
3.
málsl.
2.
mgr.
18.
gr.
</p>

<p>
Endurgreiðslufjárhæðin
nemur
sama
hlutfalli
af
söluverði
íbúðarhúsnæðis
við
endurgreiðslu
og
upphafleg
lánveiting
nam
af
kaupverði.
Húsnæðis-
og
mannvirkjastofnun
metur
hvort
söluverð
sé
í
samræmi
við
markaðsverð
sambærilegra
eigna
og
getur
fengið
verðmat
óháðs
fasteignasala
telji
hún
söluverð
óeðlilegt
og
miðað
endurgreiðslukröfu
við
það.
Sé
lán
endurgreitt
án
þess
að
íbúð
sé
seld
skal
miða
endurgreiðslufjárhæð
við
verðmat
óháðs
fasteignasala
eða
verðsjá
fasteigna
Húsnæðis-
og
mannvirkjastofnunar,
sé
ekki
unnt
að
afla
verðmats.
</p>

<p>
Lántaka
er
heimilt
að
greiða
lánið
fyrr
að
hluta
eða
að
öllu
leyti
og
skulu
slíkar
greiðslur
nema
að
lágmarki
5%
af
matsvirði
eignar
hverju
sinni
samkvæmt
verðmati
óháðs
fasteignasala.
</p>

<p>
Lántaki
skal
greiða
umsýsluþóknun
og
verðmat
vegna
endurgreiðslu
hlutdeildarláns
eða
greiðslu
inn
á
lánið.
</p>

<h3 class="article__title">
21.
gr.
<em class="article__name">Mat
á
endurgreiðslufjárhæð.</em>
</h3>

<p>
Ef
til
endurgreiðslu
kemur
eða
krafa
um
endurgreiðslu
stofnast
vegna
sölu
fasteignar
metur
Húsnæðis-
og
mannvirkjastofnun
hvort
söluverð
sé
í
samræmi
við
markaðsverð
sambærilegra
fasteigna
á
viðkomandi
verðsvæði.
Heimilt
er
að
óska
eftir
verðmati
óháðs
fasteignasala
og
taka
mið
af
því
við
mat
á
endurgreiðslufjárhæð.
Við
endurgreiðslu
án
undanfarandi
sölu
fasteignarinnar
skal
taka
mið
af
verðmati
óháðs
fasteignasala
við
mat
á
endurgreiðslufjárhæðinni.
Sama
gildir
ef
lántaki
ætlar
að
endurgreiða
hlutdeildarlán
að
hluta
og
skal
hann
þá
greiða
kostnað
vegna
verðmatsins.
</p>

<h2 class="chapter__title">
VII.
KAFLI
</h2>

<p align="center">
<strong>Samstarf
Húsnæðis-
og
mannvirkjastofnunar
við
byggingaraðila.</strong>
</p>

<h3 class="article__title">
22.
gr.
<em class="article__name">Efni
samnings.</em>
</h3>

<p>
Byggingaraðilar
sem
hyggjast
byggja
íbúðir
sem
heimilt
verði
að
fjármagna
með
hlutdeildarláni
skulu
gera
samning
við
Húsnæðis-
og
mannvirkjastofnun
um
samstarf.
Í
samningi
skal
m.a.
fjallað
um
reglulegt
samráð
aðila
og
gagnkvæma
upplýsingagjöf
um
byggingarframkvæmdir,
notkun
markaðsefnis
hlutdeildarlána,
veitingu
forsamþykkis
skv.
23.
gr.,
riftunarheimildir
og
önnur
skilyrði
sem
byggingaraðili
skal
uppfylla
á
samningstíma.
Samningar
skulu
vera
ótímabundnir.
</p>

<h3 class="article__title">
23.
gr.
<em class="article__name">Forsamþykki
íbúða.</em>
</h3>

<p>
Húsnæðis-
og
mannvirkjastofnun
veitir
forsamþykki
til
byggingaraðila
sem
gert
hefur
samstarfssamning
skv.
22.
gr.
um
að
íbúð
sem
byggingaraðili
hyggst
hefja
byggingu
á
eða
hefur
byggt
uppfylli
skilyrði
reglugerðar
þessarar
um
hagkvæmni.
Forsamþykki
veitir
byggingaraðila
heimild
til
að
auglýsa
íbúð
til
kaupa
með
hlutdeildarláni.
</p>

<p>
Húsnæðis-
og
mannvirkjastofnun
leggur
mat
á
hvort
íbúð
uppfylli
skilyrði
um
hagkvæmni
á
grundvelli
gagna
frá
byggingaraðila
um
byggingarkostnað
og
áætlað
söluverð.
Húsnæðis-
og
mannvirkjastofnun
getur
kallað
eftir
frekari
upplýsingum
frá
byggingaraðila
telji
stofnunin
þörf
á.
</p>

<p>
Heimilt
er
að
afturkalla
forsamþykki
sem
veitt
hefur
verið
byggingaraðila
vegna
einstakra
íbúða
uppfylli
þær
á
síðari
stigum
ekki
skilyrði
um
hagkvæmni.
</p>

<h2 class="chapter__title">
VIII.
KAFLI
</h2>

<p align="center">
<strong>Tímabundin
útleiga
íbúðarhúsnæðis
og
gjaldfellingarheimildir.</strong>
</p>

<h3 class="article__title">
24.
gr.
<em class="article__name">Tímabundin
útleiga
íbúðarhúsnæðis.</em>
</h3>

<p>
Lántaki
skal
eiga
lögheimili
í
íbúðarhúsnæðinu
sem
keypt
var
með
hlutdeildarláni
og
óheimilt
er
að
leigja
það
út
nema
með
samþykki
Húsnæðis-
og
mannvirkjastofnunar.
</p>

<p>
Húsnæðis-
og
mannvirkjastofnun
er
heimilt
að
veita
samþykki
fyrir
tímabundinni
útleigu
íbúðarhúsnæðis
sem
keypt
hefur
verið
með
hlutdeildarláni,
enda
hafi
lántaki
búið
í
því
í
að
lágmarki
tvö
ár,
vegna:
</p>

<ol type="a">

<li>
atvinnu
lántaka
fjarri
lögheimili
hans
enda
leggi
hann
fram
ráðningarsamning
því
til
staðfestingar,
</li>

<li>
náms
lántaka
sem
hann
stundar
fjarri
lögheimili
enda
leggi
hann
fram
staðfestingu
á
skólavist,
</li>

<li>
veikinda
lántaka,
maka
hans
eða
barns
sem
er
á
framfæri
umsækjanda,
enda
leggi
hann
fram
vottorð
læknis
um
nauðsyn
þess
að
viðkomandi
sæki
heilbrigðisþjónustu
fjarri
lögheimili
sínu,
</li>

<li>
fötlunar
lántaka,
maka
hans
eða
barns
sem
er
á
framfæri
umsækjanda,
sem
krefst
langvarandi
dvalar
fjarri
lögheimili
sínu,
s.s.
vegna
meðferðar
sjúkdóms
eða
endurhæfingar,
enda
leggi
hann
fram
vottorð
læknis
um
nauðsyn
þess
að
viðkomandi
sæki
heilbrigðisþjónustu
fjarri
lögheimili
sínu,
</li>

<li>
annarra
málefnalegra
ástæðna
þegar
sérstakar
aðstæður
lántaka,
eða
fjölskyldu
hans,
leiða
til
þess
að
lántaki
þurfi
að
dveljast
fjarri
lögheimili
sínu,
s.s.
vegna
dvalar
á
áfangaheimili.
</li>

</ol>

<p>
Húsnæðis-
og
mannvirkjastofnun
er
heimilt
að
veita
undanþágu
frá
skilyrði
2.
mgr.,
um
að
lántaki
hafi
búið
í
íbúðarhúsnæði
í
að
lágmarki
tvö
ár,
þegar
brýn
nauðsyn
er
á
að
lántaki
dveljist
fjarri
lögheimili
sínu
vegna
sérstakra
aðstæðna
hans
eða
fjölskyldu
hans
samkvæmt
liðum
c-e
2.
mgr.
þessarar
greinar.
</p>

<p>
Lántaka
er
skylt
að
afskrá
lögheimili
sitt
af
íbúð
sem
hlutdeildarlán
hvílir
á
sé
hún
leigð
tímabundið
út.
Þó
er
lántaka
heimilt
að
hafa
lögheimili
í
húsnæðinu
á
meðan
hann
stundar
nám
erlendis,
sbr.
9.
gr.
laga
um
lögheimili
og
aðsetur,
nr.
80/2018.
</p>

<p>
Húsnæðis-
og
mannvirkjastofnun
er
heimilt
að
veita
lántaka
heimild
til
tímabundinnar
útleigu
íbúðarhúsnæðis
til
allt
að
fimm
ára
nema
sérstakar
aðstæður
réttlæti
annað.
</p>

<h3 class="article__title">
25.
gr.
<em class="article__name">Gjaldfellingarheimild.</em>
</h3>

<p>
Húsnæðis-
og
mannvirkjastofnun
er
heimilt
að
gjaldfella
hlutdeildarlán
flytji
lántaki
úr
íbúðarhúsnæðinu,
leigi
það
út
án
heimildar
Húsnæðis-
og
mannvirkjastofnunar
skv.
24.
gr.,
eða
kaupi
annað
íbúðarhúsnæði
á
lánstímanum.
Hið
sama
gildir
komi
í
ljós
að
rangar,
villandi
eða
ófullnægjandi
upplýsingar
hafi
vísvitandi
verið
veittar
eða
lántaki
hefur
látið
hjá
líða
að
veita
nauðsynlegar
upplýsingar
til
grundvallar
veitingu
hlutdeildarláns,
sbr.
einnig
7.
gr.
</p>

<p>
Húsnæðis-
og
mannvirkjastofnun
er
heimilt
að
afla
nauðsynlegra
upplýsinga
ef
grunur
leikur
á
að
veitt
hafi
verið
hlutdeildarlán
á
grundvelli
vísvitandi
rangrar,
villandi
eða
ófullnægjandi
upplýsingagjafar
af
hálfu
lántaka.
Hafi
hlutdeildarlán
verið
veitt
á
slíkum
grundvelli
skal
Húsnæðis-
og
mannvirkjastofnun
gjaldfella
hlutdeildarlánið
og
krefjast
endurgreiðslu
sem
nemur
sama
hlutfalli
af
verðmæti
íbúðarinnar
á
þeim
tímapunkti
sem
gjaldfellingarheimild
er
beitt
og
upphafleg
lánveiting
nam
af
kaupverði.
Húsnæðis-
og
mannvirkjastofnun
skal
ákvarða
endurgreiðslukröfu
miðað
við
verðmæti
íbúðar
samkvæmt
verðmati
óháðs
fasteignasala
eða
verðsjá
fasteigna
Húsnæðis-
og
mannvirkjastofnunar,
sé
ekki
unnt
að
afla
verðmats.
Er
hér
átt
við
allar
þær
aðstæður
sem
haft
geta
áhrif
á
rétt
lántaka
til
hlutdeildarláns,
t.d.
hjúskaparstöðu,
tekjur,
eignir
o.fl.
Í
því
skyni
getur
reynst
nauðsynlegt
að
afla
upplýsinga
frá
þriðja
aðila
um
aðstæður
lántaka,
en
hér
er
einnig
átt
við
aðra
aðila
en
þá
sem
skyldugir
eru
til
að
veita
upplýsingar,
t.d.
stjórnir
húsfélaga,
námsstofnun
eða
vinnuveitendur.
</p>

<p>
Húsnæðis-
og
mannvirkjastofnun
skal
upplýsa
lántaka
um
fyrirhugaða
gjaldfellingu
og
veita
honum
andmælarétt
eða
færi
á
úrbótum,
eftir
því
sem
við
getur
átt.
Þá
skal
stofnunin
gæta
að
rannsóknar-
og
leiðbeiningaskyldum
sínum
í
hvívetna
við
ákvörðunartöku
um
gjaldfellingu.
</p>

<h2 class="chapter__title">
IX.
KAFLI
<em class="chapter__name">Gildistaka.</em>
</h2>

<h3 class="article__title">
26.
gr.
<em class="article__name">Gildistaka.</em>
</h3>

<p>
Reglugerð
þessi,
sem
sett
er
með
stoð
í
1.,
5.,
6.
og
7.
mgr.
29.
gr.
a.,
3.
tölul.
1.
mgr.
29.
gr.
b.
og
1.
mgr.
29.
gr.
d.
laga
um
húsnæðismál,
nr.
44/1998,
tekur
þegar
gildi.
</p>

<h3 class="article__title article__title--provisional">
Ákvæði
til
bráðabirgða.
<em class="article__name">I.</em>
</h3>

<p align="center">
<em>Úthlutanir
árið
2020.</em>
</p>

<p>
Heimilt
er
að
úthluta
hlutdeildarlánum
tvisvar
sinnum
á
árinu
2020.
</p>

<p align="center">
<strong>II.</strong>
</p>

<p align="center">
<em>Tímabundin
undanþága
frá
hámarksverði<br />
vegna
aðstæðna
á
byggingarstað
eða
skilmála
á
byggingarreit.</em>
</p>

<p>
Þrátt
fyrir
ákvæði
3.
mgr.
12.
gr.
og
2.
mgr.
14.
gr.
er
Húsnæðis-
og
mannvirkjastofnun
heimilt
fram
til
ársloka
2021
að
veita
undanþágu
frá
hámarksverði
á
höfuðborgarsvæðinu
skv.
1.
tölul.
2.
mgr.
14.
gr.
Undanþágan
er
bundin
við
þau
tilvik
og
þau
svæði
þar
sem
byggingarkostnaður
er
hærri
en
almennt
gerist
vegna
aðstæðna
á
byggingarstað
eða
skilmála
á
byggingarreit,
sem
valda
því
að
ekki
er
unnt
að
byggja
innan
viðmiða
14.
gr.
um
hámarksverð.
Hækkun
samkvæmt
framangreindu
getur
þó
ekki
numið
meira
en
10%
af
hámarksverði
íbúðar
skv.
1.
tölul.
2.
mgr.
14.
gr.
Húsnæðis-
og
mannvirkjastofnun
getur
óskað
eftir
frekari
upplýsingum
og
gögnum
frá
byggingaraðila
um
í
hverju
hærri
byggingarkostnaður
felist
telji
hún
þörf
á.
</p>

<p align="center">
<strong>III.</strong>
</p>

<p align="center">
<em>Undanþága
frá
hámarksverði
vegna
íbúða
sem
óhagkvæmt
er
að
breyta.</em>
</p>

<p>
Þrátt
fyrir
ákvæði
3.
mgr.
12.
gr.
og
2.
mgr.
14.
gr.
er
Húsnæðis-
og
mannvirkjastofnun
heimilt
fram
til
ársloka
2021
að
samþykkja
álag
á
hámarksverð
íbúða
sem
þegar
hafa
verið
byggðar,
íbúða
sem
eru
í
byggingu
eða
sem
fyrir
liggja
samþykkt
byggingaráform
um
við
gildistöku
reglugerðar
þessarar
enda
sé
verkefni
svo
langt
á
veg
komið
eða
þess
eðlis
að
óhagkvæmt
sé
að
breyta
stærðum
til
samræmis
við
hagkvæmniviðmið
skv.
14.
gr.
og
íbúðirnar
uppfylla
að
öðru
leyti
skilyrði
reglugerðar
þessarar.
</p>

<p>
Undanþága
þessa
ákvæðis
nær
eingöngu
til
íbúða
af
eftirfarandi
stærðum:
</p>

<p align="center">
Fermetrar
</p>

<p align="center">
35,1
-
39,9
m²
</p>

<p align="center">
45,1
-
49,9
m²
</p>

<p align="center">
55,1
-
59,9
m²
</p>

<p align="center">
65,1
-
69,9
m²
</p>

<p align="center">
75,1
-
79,9
m²
</p>

<p align="center">
85,1
-
89,9
m²
</p>

<p align="center">
95,1
-
99,9
m²
</p>

<p align="center">
105,1
-
109,9
m²
</p>

<p>
Álag
á
hámarksverð
íbúða
reiknast
hlutfallslega
miðað
við
fermetrafjölda
og
getur
að
hámarki
numið
1.800.000
kr.
á
íbúð.
Hámarksverð
íbúðar
ræðst
af
herbergjafjölda
og
stærð
íbúðar
skv.
14.
gr.
</p>

<p>
Dugi
fjármagn
sem
til
úthlutunar
er
hverju
sinni
ekki
til
að
anna
eftirspurn
eftir
hlutdeildarlánum
í
viðkomandi
úthlutun,
sbr.
9.
gr.,
skulu
íbúðir
sem
uppfylla
hagkvæmniviðmið
skv.
14.
gr.
njóta
forgangs
umfram
íbúðir
sem
seldar
eru
með
álagi
á
hámarksverð
samkvæmt
ákvæði
þessu.
</p>

<p class="Dags" align="center">
<em>Félagsmálaráðuneytinu,
6.
nóvember
2020.</em>
</p>

<p align="center">
<strong>Ásmundur
Einar
Daðason.</strong>
</p>

<p align="right">
<em>Gunnhildur
Gunnarsdóttir.</em>
</p>
